// Jest Snapshot v1, https://goo.gl/fbAQLP

exports[`GenerateModuleJavaSpec can generate fixture SampleWithUppercaseName 1`] = `
Map {
  "java/com/facebook/fbreact/specs/NativeSampleTurboModuleSpec.java" => "
/**
 * This code was generated by [react-native-codegen](https://www.npmjs.com/package/react-native-codegen).
 *
 * Do not edit this file as changes may cause incorrect behavior and will be lost
 * once the code is regenerated.
 *
 * @generated by codegen project: GenerateModuleJavaSpec.js
 *
 * @nolint
 */

package com.facebook.fbreact.specs;

import com.facebook.proguard.annotations.DoNotStrip;
import com.facebook.react.bridge.ReactApplicationContext;
import com.facebook.react.bridge.ReactContextBaseJavaModule;
import com.facebook.react.bridge.ReactMethod;
import com.facebook.react.turbomodule.core.interfaces.TurboModule;
import javax.annotation.Nonnull;

public abstract class NativeSampleTurboModuleSpec extends ReactContextBaseJavaModule implements TurboModule {
  public static final String NAME = \\"SampleTurboModule\\";

  public NativeSampleTurboModuleSpec(ReactApplicationContext reactContext) {
    super(reactContext);
  }

  @Override
  public @Nonnull String getName() {
    return NAME;
  }


}
",
}
`;

exports[`GenerateModuleJavaSpec can generate fixture complex_objects 1`] = `
Map {
  "java/com/facebook/fbreact/specs/NativeSampleTurboModuleSpec.java" => "
/**
 * This code was generated by [react-native-codegen](https://www.npmjs.com/package/react-native-codegen).
 *
 * Do not edit this file as changes may cause incorrect behavior and will be lost
 * once the code is regenerated.
 *
 * @generated by codegen project: GenerateModuleJavaSpec.js
 *
 * @nolint
 */

package com.facebook.fbreact.specs;

import com.facebook.proguard.annotations.DoNotStrip;
import com.facebook.react.bridge.Callback;
import com.facebook.react.bridge.ReactApplicationContext;
import com.facebook.react.bridge.ReactContextBaseJavaModule;
import com.facebook.react.bridge.ReactMethod;
import com.facebook.react.bridge.ReadableArray;
import com.facebook.react.bridge.ReadableMap;
import com.facebook.react.bridge.WritableArray;
import com.facebook.react.bridge.WritableMap;
import com.facebook.react.turbomodule.core.interfaces.TurboModule;
import javax.annotation.Nonnull;
import javax.annotation.Nullable;

public abstract class NativeSampleTurboModuleSpec extends ReactContextBaseJavaModule implements TurboModule {
  public static final String NAME = \\"SampleTurboModule\\";

  public NativeSampleTurboModuleSpec(ReactApplicationContext reactContext) {
    super(reactContext);
  }

  @Override
  public @Nonnull String getName() {
    return NAME;
  }

  @ReactMethod(isBlockingSynchronousMethod = true)
  @DoNotStrip
  public abstract WritableMap difficult(ReadableMap A);

  @ReactMethod
  @DoNotStrip
  public abstract void optionals(ReadableMap A);

  @ReactMethod
  @DoNotStrip
  public void optionalMethod(ReadableMap options, Callback callback, @Nullable ReadableArray extras) {}

  @ReactMethod
  @DoNotStrip
  public abstract void getArrays(ReadableMap options);

  @ReactMethod(isBlockingSynchronousMethod = true)
  @DoNotStrip
  public abstract @Nullable WritableMap getNullableObject();

  @ReactMethod(isBlockingSynchronousMethod = true)
  @DoNotStrip
  public abstract @Nullable WritableMap getNullableGenericObject();

  @ReactMethod(isBlockingSynchronousMethod = true)
  @DoNotStrip
  public abstract @Nullable WritableArray getNullableArray();
}
",
}
`;

exports[`GenerateModuleJavaSpec can generate fixture cxx_only_native_modules 1`] = `Map {}`;

exports[`GenerateModuleJavaSpec can generate fixture empty_native_modules 1`] = `
Map {
  "java/com/facebook/fbreact/specs/NativeSampleTurboModuleSpec.java" => "
/**
 * This code was generated by [react-native-codegen](https://www.npmjs.com/package/react-native-codegen).
 *
 * Do not edit this file as changes may cause incorrect behavior and will be lost
 * once the code is regenerated.
 *
 * @generated by codegen project: GenerateModuleJavaSpec.js
 *
 * @nolint
 */

package com.facebook.fbreact.specs;

import com.facebook.proguard.annotations.DoNotStrip;
import com.facebook.react.bridge.ReactApplicationContext;
import com.facebook.react.bridge.ReactContextBaseJavaModule;
import com.facebook.react.bridge.ReactMethod;
import com.facebook.react.turbomodule.core.interfaces.TurboModule;
import javax.annotation.Nonnull;

public abstract class NativeSampleTurboModuleSpec extends ReactContextBaseJavaModule implements TurboModule {
  public static final String NAME = \\"SampleTurboModule\\";

  public NativeSampleTurboModuleSpec(ReactApplicationContext reactContext) {
    super(reactContext);
  }

  @Override
  public @Nonnull String getName() {
    return NAME;
  }


}
",
}
`;

exports[`GenerateModuleJavaSpec can generate fixture event_emitter_module 1`] = `
Map {
  "java/com/facebook/fbreact/specs/NativeSampleTurboModuleSpec.java" => "
/**
 * This code was generated by [react-native-codegen](https://www.npmjs.com/package/react-native-codegen).
 *
 * Do not edit this file as changes may cause incorrect behavior and will be lost
 * once the code is regenerated.
 *
 * @generated by codegen project: GenerateModuleJavaSpec.js
 *
 * @nolint
 */

package com.facebook.fbreact.specs;

import com.facebook.proguard.annotations.DoNotStrip;
import com.facebook.react.bridge.ReactApplicationContext;
import com.facebook.react.bridge.ReactContextBaseJavaModule;
import com.facebook.react.bridge.ReactMethod;
import com.facebook.react.bridge.ReadableArray;
import com.facebook.react.bridge.ReadableMap;
import com.facebook.react.turbomodule.core.interfaces.TurboModule;
import javax.annotation.Nonnull;

public abstract class NativeSampleTurboModuleSpec extends ReactContextBaseJavaModule implements TurboModule {
  public static final String NAME = \\"SampleTurboModule\\";

  public NativeSampleTurboModuleSpec(ReactApplicationContext reactContext) {
    super(reactContext);
  }

  @Override
  public @Nonnull String getName() {
    return NAME;
  }

  protected final void emitOnEvent1() {
    mEventEmitterCallback.invoke(\\"onEvent1\\");
  }

  protected final void emitOnEvent2(String value) {
    mEventEmitterCallback.invoke(\\"onEvent2\\", value);
  }

  protected final void emitOnEvent3(double value) {
    mEventEmitterCallback.invoke(\\"onEvent3\\", value);
  }

  protected final void emitOnEvent4(boolean value) {
    mEventEmitterCallback.invoke(\\"onEvent4\\", value);
  }

  protected final void emitOnEvent5(ReadableMap value) {
    mEventEmitterCallback.invoke(\\"onEvent5\\", value);
  }

  protected final void emitOnEvent6(ReadableArray value) {
    mEventEmitterCallback.invoke(\\"onEvent6\\", value);
  }

  @ReactMethod
  @DoNotStrip
  public abstract void voidFunc();
}
",
}
`;

exports[`GenerateModuleJavaSpec can generate fixture native_modules_with_type_aliases 1`] = `
Map {
  "java/com/facebook/fbreact/specs/AliasTurboModuleSpec.java" => "
/**
 * This code was generated by [react-native-codegen](https://www.npmjs.com/package/react-native-codegen).
 *
 * Do not edit this file as changes may cause incorrect behavior and will be lost
 * once the code is regenerated.
 *
 * @generated by codegen project: GenerateModuleJavaSpec.js
 *
 * @nolint
 */

package com.facebook.fbreact.specs;

import com.facebook.proguard.annotations.DoNotStrip;
import com.facebook.react.bridge.ReactApplicationContext;
import com.facebook.react.bridge.ReactContextBaseJavaModule;
import com.facebook.react.bridge.ReactMethod;
import com.facebook.react.bridge.ReadableMap;
import com.facebook.react.turbomodule.core.interfaces.TurboModule;
import javax.annotation.Nonnull;

public abstract class AliasTurboModuleSpec extends ReactContextBaseJavaModule implements TurboModule {
  public static final String NAME = \\"AliasTurboModule\\";

  public AliasTurboModuleSpec(ReactApplicationContext reactContext) {
    super(reactContext);
  }

  @Override
  public @Nonnull String getName() {
    return NAME;
  }

  @ReactMethod
  @DoNotStrip
  public abstract void cropImage(ReadableMap cropData);
}
",
}
`;

exports[`GenerateModuleJavaSpec can generate fixture real_module_example 1`] = `
Map {
  "java/com/facebook/fbreact/specs/NativeCameraRollManagerSpec.java" => "
/**
 * This code was generated by [react-native-codegen](https://www.npmjs.com/package/react-native-codegen).
 *
 * Do not edit this file as changes may cause incorrect behavior and will be lost
 * once the code is regenerated.
 *
 * @generated by codegen project: GenerateModuleJavaSpec.js
 *
 * @nolint
 */

package com.facebook.fbreact.specs;

import com.facebook.proguard.annotations.DoNotStrip;
import com.facebook.react.bridge.Promise;
import com.facebook.react.bridge.ReactApplicationContext;
import com.facebook.react.bridge.ReactContextBaseJavaModule;
import com.facebook.react.bridge.ReactMethod;
import com.facebook.react.bridge.ReadableArray;
import com.facebook.react.bridge.ReadableMap;
import com.facebook.react.turbomodule.core.interfaces.TurboModule;
import javax.annotation.Nonnull;

public abstract class NativeCameraRollManagerSpec extends ReactContextBaseJavaModule implements TurboModule {
  public static final String NAME = \\"CameraRollManager\\";

  public NativeCameraRollManagerSpec(ReactApplicationContext reactContext) {
    super(reactContext);
  }

  @Override
  public @Nonnull String getName() {
    return NAME;
  }

  @ReactMethod
  @DoNotStrip
  public abstract void getPhotos(ReadableMap params, Promise promise);

  @ReactMethod
  @DoNotStrip
  public abstract void saveToCameraRoll(String uri, String type, Promise promise);

  @ReactMethod
  @DoNotStrip
  public abstract void deletePhotos(ReadableArray assets, Promise promise);
}
",
  "java/com/facebook/fbreact/specs/NativeExceptionsManagerSpec.java" => "
/**
 * This code was generated by [react-native-codegen](https://www.npmjs.com/package/react-native-codegen).
 *
 * Do not edit this file as changes may cause incorrect behavior and will be lost
 * once the code is regenerated.
 *
 * @generated by codegen project: GenerateModuleJavaSpec.js
 *
 * @nolint
 */

package com.facebook.fbreact.specs;

import com.facebook.proguard.annotations.DoNotStrip;
import com.facebook.react.bridge.ReactApplicationContext;
import com.facebook.react.bridge.ReactContextBaseJavaModule;
import com.facebook.react.bridge.ReactMethod;
import com.facebook.react.bridge.ReadableArray;
import com.facebook.react.bridge.ReadableMap;
import com.facebook.react.turbomodule.core.interfaces.TurboModule;
import javax.annotation.Nonnull;

public abstract class NativeExceptionsManagerSpec extends ReactContextBaseJavaModule implements TurboModule {
  public static final String NAME = \\"ExceptionsManager\\";

  public NativeExceptionsManagerSpec(ReactApplicationContext reactContext) {
    super(reactContext);
  }

  @Override
  public @Nonnull String getName() {
    return NAME;
  }

  @ReactMethod
  @DoNotStrip
  public abstract void reportFatalException(String message, ReadableArray stack, double exceptionId);

  @ReactMethod
  @DoNotStrip
  public abstract void reportSoftException(String message, ReadableArray stack, double exceptionId);

  @ReactMethod
  @DoNotStrip
  public void reportException(ReadableMap data) {}

  @ReactMethod
  @DoNotStrip
  public abstract void updateExceptionMessage(String message, ReadableArray stack, double exceptionId);

  @ReactMethod
  @DoNotStrip
  public void dismissRedbox() {}
}
",
}
`;

exports[`GenerateModuleJavaSpec can generate fixture simple_native_modules 1`] = `
Map {
  "java/com/facebook/fbreact/specs/NativeSampleTurboModuleSpec.java" => "
/**
 * This code was generated by [react-native-codegen](https://www.npmjs.com/package/react-native-codegen).
 *
 * Do not edit this file as changes may cause incorrect behavior and will be lost
 * once the code is regenerated.
 *
 * @generated by codegen project: GenerateModuleJavaSpec.js
 *
 * @nolint
 */

package com.facebook.fbreact.specs;

import com.facebook.proguard.annotations.DoNotStrip;
import com.facebook.react.bridge.Callback;
import com.facebook.react.bridge.Promise;
import com.facebook.react.bridge.ReactApplicationContext;
import com.facebook.react.bridge.ReactContextBaseJavaModule;
import com.facebook.react.bridge.ReactMethod;
import com.facebook.react.bridge.ReadableArray;
import com.facebook.react.bridge.ReadableMap;
import com.facebook.react.bridge.WritableArray;
import com.facebook.react.bridge.WritableMap;
import com.facebook.react.common.build.ReactBuildConfig;
import com.facebook.react.turbomodule.core.interfaces.TurboModule;
import java.util.Arrays;
import java.util.HashSet;
import java.util.Map;
import java.util.Set;
import javax.annotation.Nonnull;
import javax.annotation.Nullable;

public abstract class NativeSampleTurboModuleSpec extends ReactContextBaseJavaModule implements TurboModule {
  public static final String NAME = \\"SampleTurboModule\\";

  public NativeSampleTurboModuleSpec(ReactApplicationContext reactContext) {
    super(reactContext);
  }

  @Override
  public @Nonnull String getName() {
    return NAME;
  }

  protected abstract Map<String, Object> getTypedExportedConstants();

  @Override
  @DoNotStrip
  public final @Nullable Map<String, Object> getConstants() {
    Map<String, Object> constants = getTypedExportedConstants();
    if (ReactBuildConfig.DEBUG || ReactBuildConfig.IS_INTERNAL_BUILD) {
      Set<String> obligatoryFlowConstants = new HashSet<>(Arrays.asList(
          \\"const1\\",
          \\"const2\\",
          \\"const3\\"
      ));
      Set<String> optionalFlowConstants = new HashSet<>();
      Set<String> undeclaredConstants = new HashSet<>(constants.keySet());
      undeclaredConstants.removeAll(obligatoryFlowConstants);
      undeclaredConstants.removeAll(optionalFlowConstants);
      if (!undeclaredConstants.isEmpty()) {
        throw new IllegalStateException(String.format(\\"Native Module Flow doesn't declare constants: %s\\", undeclaredConstants));
      }
      undeclaredConstants = obligatoryFlowConstants;
      undeclaredConstants.removeAll(constants.keySet());
      if (!undeclaredConstants.isEmpty()) {
        throw new IllegalStateException(String.format(\\"Native Module doesn't fill in constants: %s\\", undeclaredConstants));
      }
    }
    return constants;
  }

  @ReactMethod
  @DoNotStrip
  public abstract void voidFunc();

  @ReactMethod(isBlockingSynchronousMethod = true)
  @DoNotStrip
  public abstract boolean getBool(boolean arg);

  @ReactMethod(isBlockingSynchronousMethod = true)
  @DoNotStrip
  public abstract double getNumber(double arg);

  @ReactMethod(isBlockingSynchronousMethod = true)
  @DoNotStrip
  public abstract String getString(String arg);

  @ReactMethod(isBlockingSynchronousMethod = true)
  @DoNotStrip
  public abstract WritableArray getArray(ReadableArray arg);

  @ReactMethod(isBlockingSynchronousMethod = true)
  @DoNotStrip
  public abstract WritableMap getObject(ReadableMap arg);

  @ReactMethod(isBlockingSynchronousMethod = true)
  @DoNotStrip
  public abstract double getRootTag(double arg);

  @ReactMethod(isBlockingSynchronousMethod = true)
  @DoNotStrip
  public abstract WritableMap getValue(double x, String y, ReadableMap z);

  @ReactMethod(isBlockingSynchronousMethod = true)
  @DoNotStrip
  public abstract double getEnumReturn();

  @ReactMethod
  @DoNotStrip
  public abstract void getValueWithCallback(Callback callback);

  @ReactMethod
  @DoNotStrip
  public abstract void getValueWithPromise(boolean error, Promise promise);

  @ReactMethod
  @DoNotStrip
  public abstract void getValueWithOptionalArg(@Nullable ReadableMap parameter, Promise promise);

  @ReactMethod(isBlockingSynchronousMethod = true)
  @DoNotStrip
  public abstract String getEnums(double enumInt, double enumFloat, String enumString);
}
",
}
`;

exports[`GenerateModuleJavaSpec can generate fixture string_literals 1`] = `
Map {
  "java/com/facebook/fbreact/specs/NativeSampleTurboModuleSpec.java" => "
/**
 * This code was generated by [react-native-codegen](https://www.npmjs.com/package/react-native-codegen).
 *
 * Do not edit this file as changes may cause incorrect behavior and will be lost
 * once the code is regenerated.
 *
 * @generated by codegen project: GenerateModuleJavaSpec.js
 *
 * @nolint
 */

package com.facebook.fbreact.specs;

import com.facebook.proguard.annotations.DoNotStrip;
import com.facebook.react.bridge.ReactApplicationContext;
import com.facebook.react.bridge.ReactContextBaseJavaModule;
import com.facebook.react.bridge.ReactMethod;
import com.facebook.react.turbomodule.core.interfaces.TurboModule;
import javax.annotation.Nonnull;

public abstract class NativeSampleTurboModuleSpec extends ReactContextBaseJavaModule implements TurboModule {
  public static final String NAME = \\"SampleTurboModule\\";

  public NativeSampleTurboModuleSpec(ReactApplicationContext reactContext) {
    super(reactContext);
  }

  @Override
  public @Nonnull String getName() {
    return NAME;
  }

  protected final void emitLiteralEvent(String value) {
    mEventEmitterCallback.invoke(\\"literalEvent\\", value);
  }

  @ReactMethod(isBlockingSynchronousMethod = true)
  @DoNotStrip
  public abstract String getStringLiteral(String literalParam);
}
",
}
`;

exports[`GenerateModuleJavaSpec can generate fixture two_modules_different_files 1`] = `
Map {
  "java/com/facebook/fbreact/specs/NativeSampleTurboModuleSpec.java" => "
/**
 * This code was generated by [react-native-codegen](https://www.npmjs.com/package/react-native-codegen).
 *
 * Do not edit this file as changes may cause incorrect behavior and will be lost
 * once the code is regenerated.
 *
 * @generated by codegen project: GenerateModuleJavaSpec.js
 *
 * @nolint
 */

package com.facebook.fbreact.specs;

import com.facebook.proguard.annotations.DoNotStrip;
import com.facebook.react.bridge.ReactApplicationContext;
import com.facebook.react.bridge.ReactContextBaseJavaModule;
import com.facebook.react.bridge.ReactMethod;
import com.facebook.react.turbomodule.core.interfaces.TurboModule;
import javax.annotation.Nonnull;

public abstract class NativeSampleTurboModuleSpec extends ReactContextBaseJavaModule implements TurboModule {
  public static final String NAME = \\"SampleTurboModule\\";

  public NativeSampleTurboModuleSpec(ReactApplicationContext reactContext) {
    super(reactContext);
  }

  @Override
  public @Nonnull String getName() {
    return NAME;
  }

  @ReactMethod
  @DoNotStrip
  public abstract void voidFunc();
}
",
  "java/com/facebook/fbreact/specs/NativeSampleTurboModule2Spec.java" => "
/**
 * This code was generated by [react-native-codegen](https://www.npmjs.com/package/react-native-codegen).
 *
 * Do not edit this file as changes may cause incorrect behavior and will be lost
 * once the code is regenerated.
 *
 * @generated by codegen project: GenerateModuleJavaSpec.js
 *
 * @nolint
 */

package com.facebook.fbreact.specs;

import com.facebook.proguard.annotations.DoNotStrip;
import com.facebook.react.bridge.ReactApplicationContext;
import com.facebook.react.bridge.ReactContextBaseJavaModule;
import com.facebook.react.bridge.ReactMethod;
import com.facebook.react.turbomodule.core.interfaces.TurboModule;
import javax.annotation.Nonnull;

public abstract class NativeSampleTurboModule2Spec extends ReactContextBaseJavaModule implements TurboModule {
  public static final String NAME = \\"SampleTurboModule2\\";

  public NativeSampleTurboModule2Spec(ReactApplicationContext reactContext) {
    super(reactContext);
  }

  @Override
  public @Nonnull String getName() {
    return NAME;
  }

  @ReactMethod
  @DoNotStrip
  public abstract void voidFunc();
}
",
}
`;

exports[`GenerateModuleJavaSpec can generate fixture union_module 1`] = `
Map {
  "java/com/facebook/fbreact/specs/NativeSampleTurboModuleSpec.java" => "
/**
 * This code was generated by [react-native-codegen](https://www.npmjs.com/package/react-native-codegen).
 *
 * Do not edit this file as changes may cause incorrect behavior and will be lost
 * once the code is regenerated.
 *
 * @generated by codegen project: GenerateModuleJavaSpec.js
 *
 * @nolint
 */

package com.facebook.fbreact.specs;

import com.facebook.proguard.annotations.DoNotStrip;
import com.facebook.react.bridge.ReactApplicationContext;
import com.facebook.react.bridge.ReactContextBaseJavaModule;
import com.facebook.react.bridge.ReactMethod;
import com.facebook.react.bridge.ReadableMap;
import com.facebook.react.bridge.WritableMap;
import com.facebook.react.turbomodule.core.interfaces.TurboModule;
import javax.annotation.Nonnull;

public abstract class NativeSampleTurboModuleSpec extends ReactContextBaseJavaModule implements TurboModule {
  public static final String NAME = \\"SampleTurboModule\\";

  public NativeSampleTurboModuleSpec(ReactApplicationContext reactContext) {
    super(reactContext);
  }

  @Override
  public @Nonnull String getName() {
    return NAME;
  }

  @ReactMethod(isBlockingSynchronousMethod = true)
  @DoNotStrip
  public abstract WritableMap getUnion(double chooseInt, double chooseFloat, ReadableMap chooseObject, String chooseString, String chooseStringLiteral);
}
",
}
`;
