// Jest Snapshot v1, https://goo.gl/fbAQLP

exports[`processTransform validation should throw on invalid transform property 1`] = `"Invalid transform translateW: {\\"translateW\\":10}"`;

exports[`processTransform validation should throw on invalid transform property 2`] = `"Invalid transform translateW: {\\"translateW\\":10}"`;

exports[`processTransform validation should throw on object with multiple properties 1`] = `"You must specify exactly one property per transform object. Passed properties: {\\"scale\\":0.5,\\"translateY\\":10}"`;

exports[`processTransform validation should throw when not passing an array to an array prop 1`] = `"Transform with key of matrix must have an array as the value: {\\"matrix\\":\\"not-a-matrix\\"}"`;

exports[`processTransform validation should throw when not passing an array to an array prop 2`] = `"Transform with key of translate must have an array as the value: {\\"translate\\":10}"`;

exports[`processTransform validation should throw when passing a matrix of the wrong size 1`] = `"Matrix transform must have a length of 9 (2d) or 16 (3d). Provided matrix has a length of 4: {\\"matrix\\":[1,1,1,1]}"`;

exports[`processTransform validation should throw when passing a matrix of the wrong size 2`] = `"Matrix transform must have a length of 9 (2d) or 16 (3d). Provided matrix has a length of 4: {\\"matrix\\":[1,1,1,1]}"`;

exports[`processTransform validation should throw when passing a perspective of 0 1`] = `"Transform with key of \\"perspective\\" cannot be zero: {\\"perspective\\":0}"`;

exports[`processTransform validation should throw when passing a translate of the wrong size 1`] = `"Transform with key translate must be an array of length 2 or 3, found 1: {\\"translate\\":[1]}"`;

exports[`processTransform validation should throw when passing a translate of the wrong size 2`] = `"Transform with key translate must be an array of length 2 or 3, found 4: {\\"translate\\":[1,1,1,1]}"`;

exports[`processTransform validation should throw when passing a translate of the wrong size 3`] = `"Transform with key translate must be an string with 1 or 2 parameters, found 4: translate(1px, 1px, 1px, 1px)"`;

exports[`processTransform validation should throw when passing an Animated.Value 1`] = `"You passed an Animated.Value to a normal component. You need to wrap that component in an Animated. For example, replace <View /> by <Animated.View />."`;

exports[`processTransform validation should throw when passing an invalid angle prop 1`] = `"Transform with key of \\"rotate\\" must be a string: {\\"rotate\\":10}"`;

exports[`processTransform validation should throw when passing an invalid angle prop 2`] = `"Transform with key of \\"rotate\\" must be a string: {\\"rotate\\":10}"`;

exports[`processTransform validation should throw when passing an invalid angle prop 3`] = `"Rotate transform must be expressed in degrees (deg) or radians (rad): {\\"skewX\\":\\"10drg\\"}"`;

exports[`processTransform validation should throw when passing an invalid angle prop 4`] = `"Rotate transform must be expressed in degrees (deg) or radians (rad): {\\"skewX\\":\\"10drg\\"}"`;

exports[`processTransform validation should throw when passing an invalid value to a number prop 1`] = `"Transform with key of \\"translateY\\" must be number or a percentage. Passed value: {\\"translateY\\":\\"20deg\\"}."`;

exports[`processTransform validation should throw when passing an invalid value to a number prop 2`] = `"Transform with key of \\"scale\\" must be a number: {\\"scale\\":{\\"x\\":10,\\"y\\":10}}"`;

exports[`processTransform validation should throw when passing an invalid value to a number prop 3`] = `"Transform with key of \\"perspective\\" must be a number: {\\"perspective\\":[]}"`;
