// Jest Snapshot v1, https://goo.gl/fbAQLP

exports[`<ProgressBarAndroid /> should render as expected: should deep render when mocked (please verify output manually) 1`] = `
<AndroidProgressBar
  animating={true}
  indeterminate={true}
  styleAttr="Horizontal"
/>
`;

exports[`<ProgressBarAndroid /> should render as expected: should deep render when not mocked (please verify output manually) 1`] = `
<AndroidProgressBar
  animating={true}
  indeterminate={true}
  styleAttr="Horizontal"
/>
`;
