// Jest Snapshot v1, https://goo.gl/fbAQLP

exports[`LogBoxNotification should render log 1`] = `
<View
  style={
    Object {
      "backgroundColor": "rgba(255, 255, 255, 1)",
      "height": 48,
      "justifyContent": "center",
      "marginTop": 0.5,
      "position": "relative",
      "width": "100%",
    }
  }
>
  <LogBoxButton
    backgroundColor={
      Object {
        "default": "rgba(51, 51, 51, 1)",
        "pressed": "rgba(51, 51, 51, 0.9)",
      }
    }
    onPress={[Function]}
    style={
      Object {
        "height": 48,
        "justifyContent": "center",
        "marginTop": 0.5,
        "paddingHorizontal": 12,
        "position": "relative",
        "width": "100%",
      }
    }
  >
    <View
      style={
        Object {
          "alignItems": "flex-start",
          "borderRadius": 8,
          "flexBasis": "auto",
          "flexDirection": "row",
          "flexGrow": 0,
          "flexShrink": 0,
        }
      }
    >
      <LogBoxNotificationCountBadge
        count={1}
        level="warn"
      />
      <LogBoxNotificationMessage
        message={
          Object {
            "content": "Some kind of message",
            "substitutions": Array [],
          }
        }
      />
      <LogBoxNotificationDismissButton
        onPress={[Function]}
      />
    </View>
  </LogBoxButton>
</View>
`;
