// Jest Snapshot v1, https://goo.gl/fbAQLP

exports[`InputAccessoryView should render as <RCTInputAccessoryView> when mocked 1`] = `
<RCTInputAccessoryView
  nativeID="1"
  style={
    Array [
      undefined,
      Object {
        "position": "absolute",
      },
    ]
  }
>
  <RCTSafeAreaView
    style={
      Array [
        Object {
          "flex": 1,
        },
        Object {
          "width": 750,
        },
      ]
    }
  >
    <View />
  </RCTSafeAreaView>
</RCTInputAccessoryView>
`;

exports[`InputAccessoryView should render as <RCTInputAccessoryView> when not mocked 1`] = `
<RCTInputAccessoryView
  nativeID="1"
  style={
    Array [
      undefined,
      Object {
        "position": "absolute",
      },
    ]
  }
>
  <RCTSafeAreaView
    style={
      Array [
        Object {
          "flex": 1,
        },
        Object {
          "width": 750,
        },
      ]
    }
  >
    <View />
  </RCTSafeAreaView>
</RCTInputAccessoryView>
`;
