// Jest Snapshot v1, https://goo.gl/fbAQLP

exports[`GeneratePropsJavaInterface can generate for 'ArrayPropsNativeComponent.js' 1`] = `
Object {
  "java/com/facebook/react/viewmanagers/ArrayPropsNativeComponentViewManagerInterface.java": "/**
* This code was generated by [react-native-codegen](https://www.npmjs.com/package/react-native-codegen).
*
* Do not edit this file as changes may cause incorrect behavior and will be lost
* once the code is regenerated.
*
* @generated by codegen project: GeneratePropsJavaInterface.js
*/

package com.facebook.react.viewmanagers;

import android.view.View;
import androidx.annotation.Nullable;
import com.facebook.react.bridge.ReadableArray;
import com.facebook.react.uimanager.ViewManagerWithGeneratedInterface;

public interface ArrayPropsNativeComponentViewManagerInterface<T extends View> extends ViewManagerWithGeneratedInterface {
  void setNames(T view, @Nullable ReadableArray value);
  void setDisableds(T view, @Nullable ReadableArray value);
  void setProgress(T view, @Nullable ReadableArray value);
  void setRadii(T view, @Nullable ReadableArray value);
  void setColors(T view, @Nullable ReadableArray value);
  void setSrcs(T view, @Nullable ReadableArray value);
  void setPoints(T view, @Nullable ReadableArray value);
  void setEdgeInsets(T view, @Nullable ReadableArray value);
  void setDimensions(T view, @Nullable ReadableArray value);
  void setSizes(T view, @Nullable ReadableArray value);
  void setObject(T view, @Nullable ReadableArray value);
  void setArrayOfObjects(T view, @Nullable ReadableArray value);
}
",
}
`;

exports[`GeneratePropsJavaInterface can generate for 'BooleanPropNativeComponent.js' 1`] = `
Object {
  "java/com/facebook/react/viewmanagers/BooleanPropNativeComponentViewManagerInterface.java": "/**
* This code was generated by [react-native-codegen](https://www.npmjs.com/package/react-native-codegen).
*
* Do not edit this file as changes may cause incorrect behavior and will be lost
* once the code is regenerated.
*
* @generated by codegen project: GeneratePropsJavaInterface.js
*/

package com.facebook.react.viewmanagers;

import android.view.View;
import androidx.annotation.Nullable;
import com.facebook.react.uimanager.ViewManagerWithGeneratedInterface;

public interface BooleanPropNativeComponentViewManagerInterface<T extends View> extends ViewManagerWithGeneratedInterface {
  void setDisabled(T view, boolean value);
  void setDisabledNullable(T view, @Nullable Boolean value);
}
",
}
`;

exports[`GeneratePropsJavaInterface can generate for 'ColorPropNativeComponent.js' 1`] = `
Object {
  "java/com/facebook/react/viewmanagers/ColorPropNativeComponentViewManagerInterface.java": "/**
* This code was generated by [react-native-codegen](https://www.npmjs.com/package/react-native-codegen).
*
* Do not edit this file as changes may cause incorrect behavior and will be lost
* once the code is regenerated.
*
* @generated by codegen project: GeneratePropsJavaInterface.js
*/

package com.facebook.react.viewmanagers;

import android.view.View;
import androidx.annotation.Nullable;
import com.facebook.react.uimanager.ViewManagerWithGeneratedInterface;

public interface ColorPropNativeComponentViewManagerInterface<T extends View> extends ViewManagerWithGeneratedInterface {
  void setTintColor(T view, @Nullable Integer value);
}
",
}
`;

exports[`GeneratePropsJavaInterface can generate for 'DimensionPropNativeComponent.js' 1`] = `
Object {
  "java/com/facebook/react/viewmanagers/DimensionPropNativeComponentViewManagerInterface.java": "/**
* This code was generated by [react-native-codegen](https://www.npmjs.com/package/react-native-codegen).
*
* Do not edit this file as changes may cause incorrect behavior and will be lost
* once the code is regenerated.
*
* @generated by codegen project: GeneratePropsJavaInterface.js
*/

package com.facebook.react.viewmanagers;

import android.view.View;
import androidx.annotation.Nullable;
import com.facebook.react.uimanager.ViewManagerWithGeneratedInterface;
import com.facebook.yoga.YogaValue;

public interface DimensionPropNativeComponentViewManagerInterface<T extends View> extends ViewManagerWithGeneratedInterface {
  void setMarginBack(T view, @Nullable YogaValue value);
}
",
}
`;

exports[`GeneratePropsJavaInterface can generate for 'EdgeInsetsPropNativeComponent.js' 1`] = `
Object {
  "java/com/facebook/react/viewmanagers/EdgeInsetsPropNativeComponentViewManagerInterface.java": "/**
* This code was generated by [react-native-codegen](https://www.npmjs.com/package/react-native-codegen).
*
* Do not edit this file as changes may cause incorrect behavior and will be lost
* once the code is regenerated.
*
* @generated by codegen project: GeneratePropsJavaInterface.js
*/

package com.facebook.react.viewmanagers;

import android.view.View;
import com.facebook.react.uimanager.ViewManagerWithGeneratedInterface;

public interface EdgeInsetsPropNativeComponentViewManagerInterface<T extends View> extends ViewManagerWithGeneratedInterface {
  // No props
}
",
}
`;

exports[`GeneratePropsJavaInterface can generate for 'EnumPropNativeComponent.js' 1`] = `
Object {
  "java/com/facebook/react/viewmanagers/EnumPropNativeComponentViewManagerInterface.java": "/**
* This code was generated by [react-native-codegen](https://www.npmjs.com/package/react-native-codegen).
*
* Do not edit this file as changes may cause incorrect behavior and will be lost
* once the code is regenerated.
*
* @generated by codegen project: GeneratePropsJavaInterface.js
*/

package com.facebook.react.viewmanagers;

import android.view.View;
import androidx.annotation.Nullable;
import com.facebook.react.uimanager.ViewManagerWithGeneratedInterface;

public interface EnumPropNativeComponentViewManagerInterface<T extends View> extends ViewManagerWithGeneratedInterface {
  void setAlignment(T view, @Nullable String value);
  void setIntervals(T view, @Nullable Integer value);
}
",
}
`;

exports[`GeneratePropsJavaInterface can generate for 'EventNestedObjectPropsNativeComponent.js' 1`] = `
Object {
  "java/com/facebook/react/viewmanagers/EventNestedObjectPropsNativeComponentViewManagerInterface.java": "/**
* This code was generated by [react-native-codegen](https://www.npmjs.com/package/react-native-codegen).
*
* Do not edit this file as changes may cause incorrect behavior and will be lost
* once the code is regenerated.
*
* @generated by codegen project: GeneratePropsJavaInterface.js
*/

package com.facebook.react.viewmanagers;

import android.view.View;
import com.facebook.react.uimanager.ViewManagerWithGeneratedInterface;

public interface EventNestedObjectPropsNativeComponentViewManagerInterface<T extends View> extends ViewManagerWithGeneratedInterface {
  void setDisabled(T view, boolean value);
}
",
}
`;

exports[`GeneratePropsJavaInterface can generate for 'EventPropsNativeComponent.js' 1`] = `
Object {
  "java/com/facebook/react/viewmanagers/EventPropsNativeComponentViewManagerInterface.java": "/**
* This code was generated by [react-native-codegen](https://www.npmjs.com/package/react-native-codegen).
*
* Do not edit this file as changes may cause incorrect behavior and will be lost
* once the code is regenerated.
*
* @generated by codegen project: GeneratePropsJavaInterface.js
*/

package com.facebook.react.viewmanagers;

import android.view.View;
import com.facebook.react.uimanager.ViewManagerWithGeneratedInterface;

public interface EventPropsNativeComponentViewManagerInterface<T extends View> extends ViewManagerWithGeneratedInterface {
  void setDisabled(T view, boolean value);
}
",
}
`;

exports[`GeneratePropsJavaInterface can generate for 'FloatPropsNativeComponent.js' 1`] = `
Object {
  "java/com/facebook/react/viewmanagers/FloatPropsNativeComponentViewManagerInterface.java": "/**
* This code was generated by [react-native-codegen](https://www.npmjs.com/package/react-native-codegen).
*
* Do not edit this file as changes may cause incorrect behavior and will be lost
* once the code is regenerated.
*
* @generated by codegen project: GeneratePropsJavaInterface.js
*/

package com.facebook.react.viewmanagers;

import android.view.View;
import androidx.annotation.Nullable;
import com.facebook.react.uimanager.ViewManagerWithGeneratedInterface;

public interface FloatPropsNativeComponentViewManagerInterface<T extends View> extends ViewManagerWithGeneratedInterface {
  void setBlurRadius(T view, float value);
  void setBlurRadius2(T view, float value);
  void setBlurRadius3(T view, float value);
  void setBlurRadius4(T view, float value);
  void setBlurRadius5(T view, float value);
  void setBlurRadius6(T view, float value);
  void setBlurRadiusNullable(T view, @Nullable Float value);
}
",
}
`;

exports[`GeneratePropsJavaInterface can generate for 'ImagePropNativeComponent.js' 1`] = `
Object {
  "java/com/facebook/react/viewmanagers/ImagePropNativeComponentViewManagerInterface.java": "/**
* This code was generated by [react-native-codegen](https://www.npmjs.com/package/react-native-codegen).
*
* Do not edit this file as changes may cause incorrect behavior and will be lost
* once the code is regenerated.
*
* @generated by codegen project: GeneratePropsJavaInterface.js
*/

package com.facebook.react.viewmanagers;

import android.view.View;
import androidx.annotation.Nullable;
import com.facebook.react.bridge.ReadableMap;
import com.facebook.react.uimanager.ViewManagerWithGeneratedInterface;

public interface ImagePropNativeComponentViewManagerInterface<T extends View> extends ViewManagerWithGeneratedInterface {
  void setThumbImage(T view, @Nullable ReadableMap value);
}
",
}
`;

exports[`GeneratePropsJavaInterface can generate for 'IntegerPropNativeComponent.js' 1`] = `
Object {
  "java/com/facebook/react/viewmanagers/IntegerPropNativeComponentViewManagerInterface.java": "/**
* This code was generated by [react-native-codegen](https://www.npmjs.com/package/react-native-codegen).
*
* Do not edit this file as changes may cause incorrect behavior and will be lost
* once the code is regenerated.
*
* @generated by codegen project: GeneratePropsJavaInterface.js
*/

package com.facebook.react.viewmanagers;

import android.view.View;
import com.facebook.react.uimanager.ViewManagerWithGeneratedInterface;

public interface IntegerPropNativeComponentViewManagerInterface<T extends View> extends ViewManagerWithGeneratedInterface {
  void setProgress1(T view, int value);
  void setProgress2(T view, int value);
  void setProgress3(T view, int value);
}
",
}
`;

exports[`GeneratePropsJavaInterface can generate for 'InterfaceOnlyNativeComponent.js' 1`] = `
Object {
  "java/com/facebook/react/viewmanagers/InterfaceOnlyNativeComponentViewManagerInterface.java": "/**
* This code was generated by [react-native-codegen](https://www.npmjs.com/package/react-native-codegen).
*
* Do not edit this file as changes may cause incorrect behavior and will be lost
* once the code is regenerated.
*
* @generated by codegen project: GeneratePropsJavaInterface.js
*/

package com.facebook.react.viewmanagers;

import android.view.View;
import androidx.annotation.Nullable;
import com.facebook.react.uimanager.ViewManagerWithGeneratedInterface;

public interface InterfaceOnlyNativeComponentViewManagerInterface<T extends View> extends ViewManagerWithGeneratedInterface {
  void setTitle(T view, @Nullable String value);
}
",
}
`;

exports[`GeneratePropsJavaInterface can generate for 'MixedPropNativeComponent.js' 1`] = `
Object {
  "java/com/facebook/react/viewmanagers/MixedPropNativeComponentViewManagerInterface.java": "/**
* This code was generated by [react-native-codegen](https://www.npmjs.com/package/react-native-codegen).
*
* Do not edit this file as changes may cause incorrect behavior and will be lost
* once the code is regenerated.
*
* @generated by codegen project: GeneratePropsJavaInterface.js
*/

package com.facebook.react.viewmanagers;

import android.view.View;
import com.facebook.react.bridge.Dynamic;
import com.facebook.react.uimanager.ViewManagerWithGeneratedInterface;

public interface MixedPropNativeComponentViewManagerInterface<T extends View> extends ViewManagerWithGeneratedInterface {
  void setMixedProp(T view, Dynamic value);
}
",
}
`;

exports[`GeneratePropsJavaInterface can generate for 'MultiNativePropNativeComponent.js' 1`] = `
Object {
  "java/com/facebook/react/viewmanagers/MultiNativePropNativeComponentViewManagerInterface.java": "/**
* This code was generated by [react-native-codegen](https://www.npmjs.com/package/react-native-codegen).
*
* Do not edit this file as changes may cause incorrect behavior and will be lost
* once the code is regenerated.
*
* @generated by codegen project: GeneratePropsJavaInterface.js
*/

package com.facebook.react.viewmanagers;

import android.view.View;
import androidx.annotation.Nullable;
import com.facebook.react.bridge.ReadableMap;
import com.facebook.react.uimanager.ViewManagerWithGeneratedInterface;

public interface MultiNativePropNativeComponentViewManagerInterface<T extends View> extends ViewManagerWithGeneratedInterface {
  void setThumbImage(T view, @Nullable ReadableMap value);
  void setColor(T view, @Nullable Integer value);
  void setThumbTintColor(T view, @Nullable Integer value);
  void setPoint(T view, @Nullable ReadableMap value);
}
",
}
`;

exports[`GeneratePropsJavaInterface can generate for 'NoPropsNoEventsNativeComponent.js' 1`] = `
Object {
  "java/com/facebook/react/viewmanagers/NoPropsNoEventsNativeComponentViewManagerInterface.java": "/**
* This code was generated by [react-native-codegen](https://www.npmjs.com/package/react-native-codegen).
*
* Do not edit this file as changes may cause incorrect behavior and will be lost
* once the code is regenerated.
*
* @generated by codegen project: GeneratePropsJavaInterface.js
*/

package com.facebook.react.viewmanagers;

import android.view.View;
import com.facebook.react.uimanager.ViewManagerWithGeneratedInterface;

public interface NoPropsNoEventsNativeComponentViewManagerInterface<T extends View> extends ViewManagerWithGeneratedInterface {
  // No props
}
",
}
`;

exports[`GeneratePropsJavaInterface can generate for 'ObjectPropsNativeComponent.js' 1`] = `
Object {
  "java/com/facebook/react/viewmanagers/ObjectPropsNativeComponentManagerInterface.java": "/**
* This code was generated by [react-native-codegen](https://www.npmjs.com/package/react-native-codegen).
*
* Do not edit this file as changes may cause incorrect behavior and will be lost
* once the code is regenerated.
*
* @generated by codegen project: GeneratePropsJavaInterface.js
*/

package com.facebook.react.viewmanagers;

import android.view.View;
import androidx.annotation.Nullable;
import com.facebook.react.bridge.ReadableMap;
import com.facebook.react.uimanager.ViewManagerWithGeneratedInterface;

public interface ObjectPropsNativeComponentManagerInterface<T extends View> extends ViewManagerWithGeneratedInterface {
  void setObjectProp(T view, @Nullable ReadableMap value);
  void setObjectArrayProp(T view, @Nullable ReadableMap value);
  void setObjectPrimitiveRequiredProp(T view, @Nullable ReadableMap value);
}
",
}
`;

exports[`GeneratePropsJavaInterface can generate for 'PointPropNativeComponent.js' 1`] = `
Object {
  "java/com/facebook/react/viewmanagers/PointPropNativeComponentViewManagerInterface.java": "/**
* This code was generated by [react-native-codegen](https://www.npmjs.com/package/react-native-codegen).
*
* Do not edit this file as changes may cause incorrect behavior and will be lost
* once the code is regenerated.
*
* @generated by codegen project: GeneratePropsJavaInterface.js
*/

package com.facebook.react.viewmanagers;

import android.view.View;
import androidx.annotation.Nullable;
import com.facebook.react.bridge.ReadableMap;
import com.facebook.react.uimanager.ViewManagerWithGeneratedInterface;

public interface PointPropNativeComponentViewManagerInterface<T extends View> extends ViewManagerWithGeneratedInterface {
  void setStartPoint(T view, @Nullable ReadableMap value);
}
",
}
`;

exports[`GeneratePropsJavaInterface can generate for 'StringPropNativeComponent.js' 1`] = `
Object {
  "java/com/facebook/react/viewmanagers/StringPropNativeComponentViewManagerInterface.java": "/**
* This code was generated by [react-native-codegen](https://www.npmjs.com/package/react-native-codegen).
*
* Do not edit this file as changes may cause incorrect behavior and will be lost
* once the code is regenerated.
*
* @generated by codegen project: GeneratePropsJavaInterface.js
*/

package com.facebook.react.viewmanagers;

import android.view.View;
import androidx.annotation.Nullable;
import com.facebook.react.uimanager.ViewManagerWithGeneratedInterface;

public interface StringPropNativeComponentViewManagerInterface<T extends View> extends ViewManagerWithGeneratedInterface {
  void setPlaceholder(T view, @Nullable String value);
  void setDefaultValue(T view, @Nullable String value);
}
",
}
`;
