// Jest Snapshot v1, https://goo.gl/fbAQLP

exports[`GeneratePropsCpp can generate fixture ARRAY_PROPS 1`] = `
Map {
  "Props.cpp" => "
/**
 * This code was generated by [react-native-codegen](https://www.npmjs.com/package/react-native-codegen).
 *
 * Do not edit this file as changes may cause incorrect behavior and will be lost
 * once the code is regenerated.
 *
 * @generated by codegen project: GeneratePropsCpp.js
 */

#include <react/renderer/components/ARRAY_PROPS/Props.h>
#include <react/renderer/components/image/conversions.h>
#include <react/renderer/components/view/conversions.h>
#include <react/renderer/core/PropsParserContext.h>
#include <react/renderer/core/propsConversions.h>

namespace facebook::react {

ArrayPropsNativeComponentProps::ArrayPropsNativeComponentProps(
    const PropsParserContext &context,
    const ArrayPropsNativeComponentProps &sourceProps,
    const RawProps &rawProps): ViewProps(context, sourceProps, rawProps),

    names(convertRawProp(context, rawProps, \\"names\\", sourceProps.names, {})),
    disableds(convertRawProp(context, rawProps, \\"disableds\\", sourceProps.disableds, {})),
    progress(convertRawProp(context, rawProps, \\"progress\\", sourceProps.progress, {})),
    radii(convertRawProp(context, rawProps, \\"radii\\", sourceProps.radii, {})),
    colors(convertRawProp(context, rawProps, \\"colors\\", sourceProps.colors, {})),
    srcs(convertRawProp(context, rawProps, \\"srcs\\", sourceProps.srcs, {})),
    points(convertRawProp(context, rawProps, \\"points\\", sourceProps.points, {})),
    dimensions(convertRawProp(context, rawProps, \\"dimensions\\", sourceProps.dimensions, {})),
    sizes(convertRawProp(context, rawProps, \\"sizes\\", ArrayPropsNativeComponentSizesMaskWrapped{ .value = sourceProps.sizes }, {static_cast<ArrayPropsNativeComponentSizesMask>(ArrayPropsNativeComponentSizes::Small)}).value),
    object(convertRawProp(context, rawProps, \\"object\\", sourceProps.object, {})),
    array(convertRawProp(context, rawProps, \\"array\\", sourceProps.array, {})),
    arrayOfArrayOfObject(convertRawProp(context, rawProps, \\"arrayOfArrayOfObject\\", sourceProps.arrayOfArrayOfObject, {})),
    arrayOfMixed(convertRawProp(context, rawProps, \\"arrayOfMixed\\", sourceProps.arrayOfMixed, {}))
      {}

} // namespace facebook::react
",
}
`;

exports[`GeneratePropsCpp can generate fixture ARRAY_PROPS_WITH_NESTED_OBJECT 1`] = `
Map {
  "Props.cpp" => "
/**
 * This code was generated by [react-native-codegen](https://www.npmjs.com/package/react-native-codegen).
 *
 * Do not edit this file as changes may cause incorrect behavior and will be lost
 * once the code is regenerated.
 *
 * @generated by codegen project: GeneratePropsCpp.js
 */

#include <react/renderer/components/ARRAY_PROPS_WITH_NESTED_OBJECT/Props.h>
#include <react/renderer/core/PropsParserContext.h>
#include <react/renderer/core/propsConversions.h>

namespace facebook::react {

ArrayPropsNativeComponentProps::ArrayPropsNativeComponentProps(
    const PropsParserContext &context,
    const ArrayPropsNativeComponentProps &sourceProps,
    const RawProps &rawProps): ViewProps(context, sourceProps, rawProps),

    nativePrimitives(convertRawProp(context, rawProps, \\"nativePrimitives\\", sourceProps.nativePrimitives, {}))
      {}

} // namespace facebook::react
",
}
`;

exports[`GeneratePropsCpp can generate fixture BOOLEAN_PROP 1`] = `
Map {
  "Props.cpp" => "
/**
 * This code was generated by [react-native-codegen](https://www.npmjs.com/package/react-native-codegen).
 *
 * Do not edit this file as changes may cause incorrect behavior and will be lost
 * once the code is regenerated.
 *
 * @generated by codegen project: GeneratePropsCpp.js
 */

#include <react/renderer/components/BOOLEAN_PROP/Props.h>
#include <react/renderer/core/PropsParserContext.h>
#include <react/renderer/core/propsConversions.h>

namespace facebook::react {

BooleanPropNativeComponentProps::BooleanPropNativeComponentProps(
    const PropsParserContext &context,
    const BooleanPropNativeComponentProps &sourceProps,
    const RawProps &rawProps): ViewProps(context, sourceProps, rawProps),

    disabled(convertRawProp(context, rawProps, \\"disabled\\", sourceProps.disabled, {false}))
      {}

} // namespace facebook::react
",
}
`;

exports[`GeneratePropsCpp can generate fixture COLOR_PROP 1`] = `
Map {
  "Props.cpp" => "
/**
 * This code was generated by [react-native-codegen](https://www.npmjs.com/package/react-native-codegen).
 *
 * Do not edit this file as changes may cause incorrect behavior and will be lost
 * once the code is regenerated.
 *
 * @generated by codegen project: GeneratePropsCpp.js
 */

#include <react/renderer/components/COLOR_PROP/Props.h>
#include <react/renderer/core/PropsParserContext.h>
#include <react/renderer/core/propsConversions.h>

namespace facebook::react {

ColorPropNativeComponentProps::ColorPropNativeComponentProps(
    const PropsParserContext &context,
    const ColorPropNativeComponentProps &sourceProps,
    const RawProps &rawProps): ViewProps(context, sourceProps, rawProps),

    tintColor(convertRawProp(context, rawProps, \\"tintColor\\", sourceProps.tintColor, {}))
      {}

} // namespace facebook::react
",
}
`;

exports[`GeneratePropsCpp can generate fixture COMMANDS 1`] = `
Map {
  "Props.cpp" => "
/**
 * This code was generated by [react-native-codegen](https://www.npmjs.com/package/react-native-codegen).
 *
 * Do not edit this file as changes may cause incorrect behavior and will be lost
 * once the code is regenerated.
 *
 * @generated by codegen project: GeneratePropsCpp.js
 */

#include <react/renderer/components/COMMANDS/Props.h>
#include <react/renderer/core/PropsParserContext.h>
#include <react/renderer/core/propsConversions.h>

namespace facebook::react {

CommandNativeComponentProps::CommandNativeComponentProps(
    const PropsParserContext &context,
    const CommandNativeComponentProps &sourceProps,
    const RawProps &rawProps): ViewProps(context, sourceProps, rawProps)

    
      {}

} // namespace facebook::react
",
}
`;

exports[`GeneratePropsCpp can generate fixture COMMANDS_AND_PROPS 1`] = `
Map {
  "Props.cpp" => "
/**
 * This code was generated by [react-native-codegen](https://www.npmjs.com/package/react-native-codegen).
 *
 * Do not edit this file as changes may cause incorrect behavior and will be lost
 * once the code is regenerated.
 *
 * @generated by codegen project: GeneratePropsCpp.js
 */

#include <react/renderer/components/COMMANDS_AND_PROPS/Props.h>
#include <react/renderer/core/PropsParserContext.h>
#include <react/renderer/core/propsConversions.h>

namespace facebook::react {

CommandNativeComponentProps::CommandNativeComponentProps(
    const PropsParserContext &context,
    const CommandNativeComponentProps &sourceProps,
    const RawProps &rawProps): ViewProps(context, sourceProps, rawProps),

    accessibilityHint(convertRawProp(context, rawProps, \\"accessibilityHint\\", sourceProps.accessibilityHint, {\\"\\"}))
      {}

} // namespace facebook::react
",
}
`;

exports[`GeneratePropsCpp can generate fixture DIMENSION_PROP 1`] = `
Map {
  "Props.cpp" => "
/**
 * This code was generated by [react-native-codegen](https://www.npmjs.com/package/react-native-codegen).
 *
 * Do not edit this file as changes may cause incorrect behavior and will be lost
 * once the code is regenerated.
 *
 * @generated by codegen project: GeneratePropsCpp.js
 */

#include <react/renderer/components/DIMENSION_PROP/Props.h>
#include <react/renderer/components/view/conversions.h>
#include <react/renderer/core/PropsParserContext.h>
#include <react/renderer/core/propsConversions.h>

namespace facebook::react {

DimensionPropNativeComponentProps::DimensionPropNativeComponentProps(
    const PropsParserContext &context,
    const DimensionPropNativeComponentProps &sourceProps,
    const RawProps &rawProps): ViewProps(context, sourceProps, rawProps),

    marginBack(convertRawProp(context, rawProps, \\"marginBack\\", sourceProps.marginBack, {}))
      {}

} // namespace facebook::react
",
}
`;

exports[`GeneratePropsCpp can generate fixture DOUBLE_PROPS 1`] = `
Map {
  "Props.cpp" => "
/**
 * This code was generated by [react-native-codegen](https://www.npmjs.com/package/react-native-codegen).
 *
 * Do not edit this file as changes may cause incorrect behavior and will be lost
 * once the code is regenerated.
 *
 * @generated by codegen project: GeneratePropsCpp.js
 */

#include <react/renderer/components/DOUBLE_PROPS/Props.h>
#include <react/renderer/core/PropsParserContext.h>
#include <react/renderer/core/propsConversions.h>

namespace facebook::react {

DoublePropNativeComponentProps::DoublePropNativeComponentProps(
    const PropsParserContext &context,
    const DoublePropNativeComponentProps &sourceProps,
    const RawProps &rawProps): ViewProps(context, sourceProps, rawProps),

    blurRadius(convertRawProp(context, rawProps, \\"blurRadius\\", sourceProps.blurRadius, {0.0})),
    blurRadius2(convertRawProp(context, rawProps, \\"blurRadius2\\", sourceProps.blurRadius2, {0.001})),
    blurRadius3(convertRawProp(context, rawProps, \\"blurRadius3\\", sourceProps.blurRadius3, {2.1})),
    blurRadius4(convertRawProp(context, rawProps, \\"blurRadius4\\", sourceProps.blurRadius4, {0.0})),
    blurRadius5(convertRawProp(context, rawProps, \\"blurRadius5\\", sourceProps.blurRadius5, {1.0})),
    blurRadius6(convertRawProp(context, rawProps, \\"blurRadius6\\", sourceProps.blurRadius6, {0.0}))
      {}

} // namespace facebook::react
",
}
`;

exports[`GeneratePropsCpp can generate fixture EVENT_NESTED_OBJECT_PROPS 1`] = `
Map {
  "Props.cpp" => "
/**
 * This code was generated by [react-native-codegen](https://www.npmjs.com/package/react-native-codegen).
 *
 * Do not edit this file as changes may cause incorrect behavior and will be lost
 * once the code is regenerated.
 *
 * @generated by codegen project: GeneratePropsCpp.js
 */

#include <react/renderer/components/EVENT_NESTED_OBJECT_PROPS/Props.h>
#include <react/renderer/core/PropsParserContext.h>
#include <react/renderer/core/propsConversions.h>

namespace facebook::react {

EventsNestedObjectNativeComponentProps::EventsNestedObjectNativeComponentProps(
    const PropsParserContext &context,
    const EventsNestedObjectNativeComponentProps &sourceProps,
    const RawProps &rawProps): ViewProps(context, sourceProps, rawProps),

    disabled(convertRawProp(context, rawProps, \\"disabled\\", sourceProps.disabled, {false}))
      {}

} // namespace facebook::react
",
}
`;

exports[`GeneratePropsCpp can generate fixture EVENT_PROPS 1`] = `
Map {
  "Props.cpp" => "
/**
 * This code was generated by [react-native-codegen](https://www.npmjs.com/package/react-native-codegen).
 *
 * Do not edit this file as changes may cause incorrect behavior and will be lost
 * once the code is regenerated.
 *
 * @generated by codegen project: GeneratePropsCpp.js
 */

#include <react/renderer/components/EVENT_PROPS/Props.h>
#include <react/renderer/core/PropsParserContext.h>
#include <react/renderer/core/propsConversions.h>

namespace facebook::react {

EventsNativeComponentProps::EventsNativeComponentProps(
    const PropsParserContext &context,
    const EventsNativeComponentProps &sourceProps,
    const RawProps &rawProps): ViewProps(context, sourceProps, rawProps),

    disabled(convertRawProp(context, rawProps, \\"disabled\\", sourceProps.disabled, {false}))
      {}

} // namespace facebook::react
",
}
`;

exports[`GeneratePropsCpp can generate fixture EVENTS_WITH_PAPER_NAME 1`] = `
Map {
  "Props.cpp" => "
/**
 * This code was generated by [react-native-codegen](https://www.npmjs.com/package/react-native-codegen).
 *
 * Do not edit this file as changes may cause incorrect behavior and will be lost
 * once the code is regenerated.
 *
 * @generated by codegen project: GeneratePropsCpp.js
 */

#include <react/renderer/components/EVENTS_WITH_PAPER_NAME/Props.h>
#include <react/renderer/core/PropsParserContext.h>
#include <react/renderer/core/propsConversions.h>

namespace facebook::react {

InterfaceOnlyComponentProps::InterfaceOnlyComponentProps(
    const PropsParserContext &context,
    const InterfaceOnlyComponentProps &sourceProps,
    const RawProps &rawProps): ViewProps(context, sourceProps, rawProps)

    
      {}

} // namespace facebook::react
",
}
`;

exports[`GeneratePropsCpp can generate fixture EXCLUDE_ANDROID 1`] = `
Map {
  "Props.cpp" => "
/**
 * This code was generated by [react-native-codegen](https://www.npmjs.com/package/react-native-codegen).
 *
 * Do not edit this file as changes may cause incorrect behavior and will be lost
 * once the code is regenerated.
 *
 * @generated by codegen project: GeneratePropsCpp.js
 */

#include <react/renderer/components/EXCLUDE_ANDROID/Props.h>
#include <react/renderer/core/PropsParserContext.h>
#include <react/renderer/core/propsConversions.h>

namespace facebook::react {

ExcludedAndroidComponentProps::ExcludedAndroidComponentProps(
    const PropsParserContext &context,
    const ExcludedAndroidComponentProps &sourceProps,
    const RawProps &rawProps): ViewProps(context, sourceProps, rawProps)

    
      {}

} // namespace facebook::react
",
}
`;

exports[`GeneratePropsCpp can generate fixture EXCLUDE_ANDROID_IOS 1`] = `
Map {
  "Props.cpp" => "
/**
 * This code was generated by [react-native-codegen](https://www.npmjs.com/package/react-native-codegen).
 *
 * Do not edit this file as changes may cause incorrect behavior and will be lost
 * once the code is regenerated.
 *
 * @generated by codegen project: GeneratePropsCpp.js
 */

#include <react/renderer/components/EXCLUDE_ANDROID_IOS/Props.h>
#include <react/renderer/core/PropsParserContext.h>
#include <react/renderer/core/propsConversions.h>

namespace facebook::react {

ExcludedAndroidIosComponentProps::ExcludedAndroidIosComponentProps(
    const PropsParserContext &context,
    const ExcludedAndroidIosComponentProps &sourceProps,
    const RawProps &rawProps): ViewProps(context, sourceProps, rawProps)

    
      {}

} // namespace facebook::react
",
}
`;

exports[`GeneratePropsCpp can generate fixture EXCLUDE_IOS_TWO_COMPONENTS_DIFFERENT_FILES 1`] = `
Map {
  "Props.cpp" => "
/**
 * This code was generated by [react-native-codegen](https://www.npmjs.com/package/react-native-codegen).
 *
 * Do not edit this file as changes may cause incorrect behavior and will be lost
 * once the code is regenerated.
 *
 * @generated by codegen project: GeneratePropsCpp.js
 */

#include <react/renderer/components/EXCLUDE_IOS_TWO_COMPONENTS_DIFFERENT_FILES/Props.h>
#include <react/renderer/core/PropsParserContext.h>
#include <react/renderer/core/propsConversions.h>

namespace facebook::react {

ExcludedIosComponentProps::ExcludedIosComponentProps(
    const PropsParserContext &context,
    const ExcludedIosComponentProps &sourceProps,
    const RawProps &rawProps): ViewProps(context, sourceProps, rawProps)

    
      {}
MultiFileIncludedNativeComponentProps::MultiFileIncludedNativeComponentProps(
    const PropsParserContext &context,
    const MultiFileIncludedNativeComponentProps &sourceProps,
    const RawProps &rawProps): ViewProps(context, sourceProps, rawProps),

    disabled(convertRawProp(context, rawProps, \\"disabled\\", sourceProps.disabled, {true}))
      {}

} // namespace facebook::react
",
}
`;

exports[`GeneratePropsCpp can generate fixture FLOAT_PROPS 1`] = `
Map {
  "Props.cpp" => "
/**
 * This code was generated by [react-native-codegen](https://www.npmjs.com/package/react-native-codegen).
 *
 * Do not edit this file as changes may cause incorrect behavior and will be lost
 * once the code is regenerated.
 *
 * @generated by codegen project: GeneratePropsCpp.js
 */

#include <react/renderer/components/FLOAT_PROPS/Props.h>
#include <react/renderer/core/PropsParserContext.h>
#include <react/renderer/core/propsConversions.h>

namespace facebook::react {

FloatPropNativeComponentProps::FloatPropNativeComponentProps(
    const PropsParserContext &context,
    const FloatPropNativeComponentProps &sourceProps,
    const RawProps &rawProps): ViewProps(context, sourceProps, rawProps),

    blurRadius(convertRawProp(context, rawProps, \\"blurRadius\\", sourceProps.blurRadius, {0.0})),
    blurRadius2(convertRawProp(context, rawProps, \\"blurRadius2\\", sourceProps.blurRadius2, {0.001})),
    blurRadius3(convertRawProp(context, rawProps, \\"blurRadius3\\", sourceProps.blurRadius3, {2.1})),
    blurRadius4(convertRawProp(context, rawProps, \\"blurRadius4\\", sourceProps.blurRadius4, {0.0})),
    blurRadius5(convertRawProp(context, rawProps, \\"blurRadius5\\", sourceProps.blurRadius5, {1.0})),
    blurRadius6(convertRawProp(context, rawProps, \\"blurRadius6\\", sourceProps.blurRadius6, {0.0}))
      {}

} // namespace facebook::react
",
}
`;

exports[`GeneratePropsCpp can generate fixture IMAGE_PROP 1`] = `
Map {
  "Props.cpp" => "
/**
 * This code was generated by [react-native-codegen](https://www.npmjs.com/package/react-native-codegen).
 *
 * Do not edit this file as changes may cause incorrect behavior and will be lost
 * once the code is regenerated.
 *
 * @generated by codegen project: GeneratePropsCpp.js
 */

#include <react/renderer/components/IMAGE_PROP/Props.h>
#include <react/renderer/components/image/conversions.h>
#include <react/renderer/core/PropsParserContext.h>
#include <react/renderer/core/propsConversions.h>

namespace facebook::react {

ImagePropNativeComponentProps::ImagePropNativeComponentProps(
    const PropsParserContext &context,
    const ImagePropNativeComponentProps &sourceProps,
    const RawProps &rawProps): ViewProps(context, sourceProps, rawProps),

    thumbImage(convertRawProp(context, rawProps, \\"thumbImage\\", sourceProps.thumbImage, {}))
      {}

} // namespace facebook::react
",
}
`;

exports[`GeneratePropsCpp can generate fixture INSETS_PROP 1`] = `
Map {
  "Props.cpp" => "
/**
 * This code was generated by [react-native-codegen](https://www.npmjs.com/package/react-native-codegen).
 *
 * Do not edit this file as changes may cause incorrect behavior and will be lost
 * once the code is regenerated.
 *
 * @generated by codegen project: GeneratePropsCpp.js
 */

#include <react/renderer/components/INSETS_PROP/Props.h>
#include <react/renderer/core/PropsParserContext.h>
#include <react/renderer/core/propsConversions.h>

namespace facebook::react {

InsetsPropNativeComponentProps::InsetsPropNativeComponentProps(
    const PropsParserContext &context,
    const InsetsPropNativeComponentProps &sourceProps,
    const RawProps &rawProps): ViewProps(context, sourceProps, rawProps),

    contentInset(convertRawProp(context, rawProps, \\"contentInset\\", sourceProps.contentInset, {}))
      {}

} // namespace facebook::react
",
}
`;

exports[`GeneratePropsCpp can generate fixture INT32_ENUM_PROP 1`] = `
Map {
  "Props.cpp" => "
/**
 * This code was generated by [react-native-codegen](https://www.npmjs.com/package/react-native-codegen).
 *
 * Do not edit this file as changes may cause incorrect behavior and will be lost
 * once the code is regenerated.
 *
 * @generated by codegen project: GeneratePropsCpp.js
 */

#include <react/renderer/components/INT32_ENUM_PROP/Props.h>
#include <react/renderer/core/PropsParserContext.h>
#include <react/renderer/core/propsConversions.h>

namespace facebook::react {

Int32EnumPropsNativeComponentProps::Int32EnumPropsNativeComponentProps(
    const PropsParserContext &context,
    const Int32EnumPropsNativeComponentProps &sourceProps,
    const RawProps &rawProps): ViewProps(context, sourceProps, rawProps),

    maxInterval(convertRawProp(context, rawProps, \\"maxInterval\\", sourceProps.maxInterval, {Int32EnumPropsNativeComponentMaxInterval::MaxInterval0}))
      {}

} // namespace facebook::react
",
}
`;

exports[`GeneratePropsCpp can generate fixture INTEGER_PROPS 1`] = `
Map {
  "Props.cpp" => "
/**
 * This code was generated by [react-native-codegen](https://www.npmjs.com/package/react-native-codegen).
 *
 * Do not edit this file as changes may cause incorrect behavior and will be lost
 * once the code is regenerated.
 *
 * @generated by codegen project: GeneratePropsCpp.js
 */

#include <react/renderer/components/INTEGER_PROPS/Props.h>
#include <react/renderer/core/PropsParserContext.h>
#include <react/renderer/core/propsConversions.h>

namespace facebook::react {

IntegerPropNativeComponentProps::IntegerPropNativeComponentProps(
    const PropsParserContext &context,
    const IntegerPropNativeComponentProps &sourceProps,
    const RawProps &rawProps): ViewProps(context, sourceProps, rawProps),

    progress1(convertRawProp(context, rawProps, \\"progress1\\", sourceProps.progress1, {0})),
    progress2(convertRawProp(context, rawProps, \\"progress2\\", sourceProps.progress2, {-1})),
    progress3(convertRawProp(context, rawProps, \\"progress3\\", sourceProps.progress3, {10}))
      {}

} // namespace facebook::react
",
}
`;

exports[`GeneratePropsCpp can generate fixture INTERFACE_ONLY 1`] = `
Map {
  "Props.cpp" => "
/**
 * This code was generated by [react-native-codegen](https://www.npmjs.com/package/react-native-codegen).
 *
 * Do not edit this file as changes may cause incorrect behavior and will be lost
 * once the code is regenerated.
 *
 * @generated by codegen project: GeneratePropsCpp.js
 */

#include <react/renderer/components/INTERFACE_ONLY/Props.h>
#include <react/renderer/core/PropsParserContext.h>
#include <react/renderer/core/propsConversions.h>

namespace facebook::react {

InterfaceOnlyComponentProps::InterfaceOnlyComponentProps(
    const PropsParserContext &context,
    const InterfaceOnlyComponentProps &sourceProps,
    const RawProps &rawProps): ViewProps(context, sourceProps, rawProps),

    accessibilityHint(convertRawProp(context, rawProps, \\"accessibilityHint\\", sourceProps.accessibilityHint, {\\"\\"}))
      {}

} // namespace facebook::react
",
}
`;

exports[`GeneratePropsCpp can generate fixture MIXED_PROP 1`] = `
Map {
  "Props.cpp" => "
/**
 * This code was generated by [react-native-codegen](https://www.npmjs.com/package/react-native-codegen).
 *
 * Do not edit this file as changes may cause incorrect behavior and will be lost
 * once the code is regenerated.
 *
 * @generated by codegen project: GeneratePropsCpp.js
 */

#include <react/renderer/components/MIXED_PROP/Props.h>
#include <folly/dynamic.h>
#include <react/renderer/core/PropsParserContext.h>
#include <react/renderer/core/propsConversions.h>

namespace facebook::react {

MixedPropNativeComponentProps::MixedPropNativeComponentProps(
    const PropsParserContext &context,
    const MixedPropNativeComponentProps &sourceProps,
    const RawProps &rawProps): ViewProps(context, sourceProps, rawProps),

    mixedProp(convertRawProp(context, rawProps, \\"mixedProp\\", sourceProps.mixedProp, {}))
      {}

} // namespace facebook::react
",
}
`;

exports[`GeneratePropsCpp can generate fixture MULTI_NATIVE_PROP 1`] = `
Map {
  "Props.cpp" => "
/**
 * This code was generated by [react-native-codegen](https://www.npmjs.com/package/react-native-codegen).
 *
 * Do not edit this file as changes may cause incorrect behavior and will be lost
 * once the code is regenerated.
 *
 * @generated by codegen project: GeneratePropsCpp.js
 */

#include <react/renderer/components/MULTI_NATIVE_PROP/Props.h>
#include <react/renderer/components/image/conversions.h>
#include <react/renderer/core/PropsParserContext.h>
#include <react/renderer/core/propsConversions.h>

namespace facebook::react {

ImageColorPropNativeComponentProps::ImageColorPropNativeComponentProps(
    const PropsParserContext &context,
    const ImageColorPropNativeComponentProps &sourceProps,
    const RawProps &rawProps): ViewProps(context, sourceProps, rawProps),

    thumbImage(convertRawProp(context, rawProps, \\"thumbImage\\", sourceProps.thumbImage, {})),
    color(convertRawProp(context, rawProps, \\"color\\", sourceProps.color, {})),
    thumbTintColor(convertRawProp(context, rawProps, \\"thumbTintColor\\", sourceProps.thumbTintColor, {})),
    point(convertRawProp(context, rawProps, \\"point\\", sourceProps.point, {}))
      {}

} // namespace facebook::react
",
}
`;

exports[`GeneratePropsCpp can generate fixture NO_PROPS_NO_EVENTS 1`] = `
Map {
  "Props.cpp" => "
/**
 * This code was generated by [react-native-codegen](https://www.npmjs.com/package/react-native-codegen).
 *
 * Do not edit this file as changes may cause incorrect behavior and will be lost
 * once the code is regenerated.
 *
 * @generated by codegen project: GeneratePropsCpp.js
 */

#include <react/renderer/components/NO_PROPS_NO_EVENTS/Props.h>
#include <react/renderer/core/PropsParserContext.h>
#include <react/renderer/core/propsConversions.h>

namespace facebook::react {

NoPropsNoEventsComponentProps::NoPropsNoEventsComponentProps(
    const PropsParserContext &context,
    const NoPropsNoEventsComponentProps &sourceProps,
    const RawProps &rawProps): ViewProps(context, sourceProps, rawProps)

    
      {}

} // namespace facebook::react
",
}
`;

exports[`GeneratePropsCpp can generate fixture OBJECT_PROPS 1`] = `
Map {
  "Props.cpp" => "
/**
 * This code was generated by [react-native-codegen](https://www.npmjs.com/package/react-native-codegen).
 *
 * Do not edit this file as changes may cause incorrect behavior and will be lost
 * once the code is regenerated.
 *
 * @generated by codegen project: GeneratePropsCpp.js
 */

#include <react/renderer/components/OBJECT_PROPS/Props.h>
#include <react/renderer/components/image/conversions.h>
#include <react/renderer/core/PropsParserContext.h>
#include <react/renderer/core/propsConversions.h>

namespace facebook::react {

ObjectPropsProps::ObjectPropsProps(
    const PropsParserContext &context,
    const ObjectPropsProps &sourceProps,
    const RawProps &rawProps): ViewProps(context, sourceProps, rawProps),

    objectProp(convertRawProp(context, rawProps, \\"objectProp\\", sourceProps.objectProp, {}))
      {}

} // namespace facebook::react
",
}
`;

exports[`GeneratePropsCpp can generate fixture POINT_PROP 1`] = `
Map {
  "Props.cpp" => "
/**
 * This code was generated by [react-native-codegen](https://www.npmjs.com/package/react-native-codegen).
 *
 * Do not edit this file as changes may cause incorrect behavior and will be lost
 * once the code is regenerated.
 *
 * @generated by codegen project: GeneratePropsCpp.js
 */

#include <react/renderer/components/POINT_PROP/Props.h>
#include <react/renderer/core/PropsParserContext.h>
#include <react/renderer/core/propsConversions.h>

namespace facebook::react {

PointPropNativeComponentProps::PointPropNativeComponentProps(
    const PropsParserContext &context,
    const PointPropNativeComponentProps &sourceProps,
    const RawProps &rawProps): ViewProps(context, sourceProps, rawProps),

    startPoint(convertRawProp(context, rawProps, \\"startPoint\\", sourceProps.startPoint, {}))
      {}

} // namespace facebook::react
",
}
`;

exports[`GeneratePropsCpp can generate fixture STRING_ENUM_PROP 1`] = `
Map {
  "Props.cpp" => "
/**
 * This code was generated by [react-native-codegen](https://www.npmjs.com/package/react-native-codegen).
 *
 * Do not edit this file as changes may cause incorrect behavior and will be lost
 * once the code is regenerated.
 *
 * @generated by codegen project: GeneratePropsCpp.js
 */

#include <react/renderer/components/STRING_ENUM_PROP/Props.h>
#include <react/renderer/core/PropsParserContext.h>
#include <react/renderer/core/propsConversions.h>

namespace facebook::react {

StringEnumPropsNativeComponentProps::StringEnumPropsNativeComponentProps(
    const PropsParserContext &context,
    const StringEnumPropsNativeComponentProps &sourceProps,
    const RawProps &rawProps): ViewProps(context, sourceProps, rawProps),

    alignment(convertRawProp(context, rawProps, \\"alignment\\", sourceProps.alignment, {StringEnumPropsNativeComponentAlignment::Center}))
      {}

} // namespace facebook::react
",
}
`;

exports[`GeneratePropsCpp can generate fixture STRING_PROP 1`] = `
Map {
  "Props.cpp" => "
/**
 * This code was generated by [react-native-codegen](https://www.npmjs.com/package/react-native-codegen).
 *
 * Do not edit this file as changes may cause incorrect behavior and will be lost
 * once the code is regenerated.
 *
 * @generated by codegen project: GeneratePropsCpp.js
 */

#include <react/renderer/components/STRING_PROP/Props.h>
#include <react/renderer/core/PropsParserContext.h>
#include <react/renderer/core/propsConversions.h>

namespace facebook::react {

StringPropComponentProps::StringPropComponentProps(
    const PropsParserContext &context,
    const StringPropComponentProps &sourceProps,
    const RawProps &rawProps): ViewProps(context, sourceProps, rawProps),

    accessibilityHint(convertRawProp(context, rawProps, \\"accessibilityHint\\", sourceProps.accessibilityHint, {\\"\\"})),
    accessibilityRole(convertRawProp(context, rawProps, \\"accessibilityRole\\", sourceProps.accessibilityRole, {}))
      {}

} // namespace facebook::react
",
}
`;

exports[`GeneratePropsCpp can generate fixture TWO_COMPONENTS_DIFFERENT_FILES 1`] = `
Map {
  "Props.cpp" => "
/**
 * This code was generated by [react-native-codegen](https://www.npmjs.com/package/react-native-codegen).
 *
 * Do not edit this file as changes may cause incorrect behavior and will be lost
 * once the code is regenerated.
 *
 * @generated by codegen project: GeneratePropsCpp.js
 */

#include <react/renderer/components/TWO_COMPONENTS_DIFFERENT_FILES/Props.h>
#include <react/renderer/core/PropsParserContext.h>
#include <react/renderer/core/propsConversions.h>

namespace facebook::react {

MultiFile1NativeComponentProps::MultiFile1NativeComponentProps(
    const PropsParserContext &context,
    const MultiFile1NativeComponentProps &sourceProps,
    const RawProps &rawProps): ViewProps(context, sourceProps, rawProps),

    disabled(convertRawProp(context, rawProps, \\"disabled\\", sourceProps.disabled, {false}))
      {}
MultiFile2NativeComponentProps::MultiFile2NativeComponentProps(
    const PropsParserContext &context,
    const MultiFile2NativeComponentProps &sourceProps,
    const RawProps &rawProps): ViewProps(context, sourceProps, rawProps),

    disabled(convertRawProp(context, rawProps, \\"disabled\\", sourceProps.disabled, {true}))
      {}

} // namespace facebook::react
",
}
`;

exports[`GeneratePropsCpp can generate fixture TWO_COMPONENTS_SAME_FILE 1`] = `
Map {
  "Props.cpp" => "
/**
 * This code was generated by [react-native-codegen](https://www.npmjs.com/package/react-native-codegen).
 *
 * Do not edit this file as changes may cause incorrect behavior and will be lost
 * once the code is regenerated.
 *
 * @generated by codegen project: GeneratePropsCpp.js
 */

#include <react/renderer/components/TWO_COMPONENTS_SAME_FILE/Props.h>
#include <react/renderer/core/PropsParserContext.h>
#include <react/renderer/core/propsConversions.h>

namespace facebook::react {

MultiComponent1NativeComponentProps::MultiComponent1NativeComponentProps(
    const PropsParserContext &context,
    const MultiComponent1NativeComponentProps &sourceProps,
    const RawProps &rawProps): ViewProps(context, sourceProps, rawProps),

    disabled(convertRawProp(context, rawProps, \\"disabled\\", sourceProps.disabled, {false}))
      {}
MultiComponent2NativeComponentProps::MultiComponent2NativeComponentProps(
    const PropsParserContext &context,
    const MultiComponent2NativeComponentProps &sourceProps,
    const RawProps &rawProps): ViewProps(context, sourceProps, rawProps),

    disabled(convertRawProp(context, rawProps, \\"disabled\\", sourceProps.disabled, {true}))
      {}

} // namespace facebook::react
",
}
`;
