// Jest Snapshot v1, https://goo.gl/fbAQLP

exports[`GeneratePropsJavaInterface can generate fixture ARRAY_PROPS 1`] = `
Map {
  "java/com/facebook/react/viewmanagers/ArrayPropsNativeComponentManagerInterface.java" => "/**
* This code was generated by [react-native-codegen](https://www.npmjs.com/package/react-native-codegen).
*
* Do not edit this file as changes may cause incorrect behavior and will be lost
* once the code is regenerated.
*
* @generated by codegen project: GeneratePropsJavaInterface.js
*/

package com.facebook.react.viewmanagers;

import android.view.View;
import androidx.annotation.Nullable;
import com.facebook.react.bridge.ReadableArray;
import com.facebook.react.uimanager.ViewManagerWithGeneratedInterface;

public interface ArrayPropsNativeComponentManagerInterface<T extends View> extends ViewManagerWithGeneratedInterface {
  void setNames(T view, @Nullable ReadableArray value);
  void setDisableds(T view, @Nullable ReadableArray value);
  void setProgress(T view, @Nullable ReadableArray value);
  void setRadii(T view, @Nullable ReadableArray value);
  void setColors(T view, @Nullable ReadableArray value);
  void setSrcs(T view, @Nullable ReadableArray value);
  void setPoints(T view, @Nullable ReadableArray value);
  void setDimensions(T view, @Nullable ReadableArray value);
  void setSizes(T view, @Nullable ReadableArray value);
  void setObject(T view, @Nullable ReadableArray value);
  void setArray(T view, @Nullable ReadableArray value);
  void setArrayOfArrayOfObject(T view, @Nullable ReadableArray value);
}
",
}
`;

exports[`GeneratePropsJavaInterface can generate fixture ARRAY_PROPS_WITH_NESTED_OBJECT 1`] = `
Map {
  "java/com/facebook/react/viewmanagers/ArrayPropsNativeComponentManagerInterface.java" => "/**
* This code was generated by [react-native-codegen](https://www.npmjs.com/package/react-native-codegen).
*
* Do not edit this file as changes may cause incorrect behavior and will be lost
* once the code is regenerated.
*
* @generated by codegen project: GeneratePropsJavaInterface.js
*/

package com.facebook.react.viewmanagers;

import android.view.View;
import androidx.annotation.Nullable;
import com.facebook.react.bridge.ReadableArray;
import com.facebook.react.uimanager.ViewManagerWithGeneratedInterface;

public interface ArrayPropsNativeComponentManagerInterface<T extends View> extends ViewManagerWithGeneratedInterface {
  void setNativePrimitives(T view, @Nullable ReadableArray value);
}
",
}
`;

exports[`GeneratePropsJavaInterface can generate fixture BOOLEAN_PROP 1`] = `
Map {
  "java/com/facebook/react/viewmanagers/BooleanPropNativeComponentManagerInterface.java" => "/**
* This code was generated by [react-native-codegen](https://www.npmjs.com/package/react-native-codegen).
*
* Do not edit this file as changes may cause incorrect behavior and will be lost
* once the code is regenerated.
*
* @generated by codegen project: GeneratePropsJavaInterface.js
*/

package com.facebook.react.viewmanagers;

import android.view.View;
import com.facebook.react.uimanager.ViewManagerWithGeneratedInterface;

public interface BooleanPropNativeComponentManagerInterface<T extends View> extends ViewManagerWithGeneratedInterface {
  void setDisabled(T view, boolean value);
}
",
}
`;

exports[`GeneratePropsJavaInterface can generate fixture COLOR_PROP 1`] = `
Map {
  "java/com/facebook/react/viewmanagers/ColorPropNativeComponentManagerInterface.java" => "/**
* This code was generated by [react-native-codegen](https://www.npmjs.com/package/react-native-codegen).
*
* Do not edit this file as changes may cause incorrect behavior and will be lost
* once the code is regenerated.
*
* @generated by codegen project: GeneratePropsJavaInterface.js
*/

package com.facebook.react.viewmanagers;

import android.view.View;
import androidx.annotation.Nullable;
import com.facebook.react.uimanager.ViewManagerWithGeneratedInterface;

public interface ColorPropNativeComponentManagerInterface<T extends View> extends ViewManagerWithGeneratedInterface {
  void setTintColor(T view, @Nullable Integer value);
}
",
}
`;

exports[`GeneratePropsJavaInterface can generate fixture COMMANDS 1`] = `
Map {
  "java/com/facebook/react/viewmanagers/CommandNativeComponentManagerInterface.java" => "/**
* This code was generated by [react-native-codegen](https://www.npmjs.com/package/react-native-codegen).
*
* Do not edit this file as changes may cause incorrect behavior and will be lost
* once the code is regenerated.
*
* @generated by codegen project: GeneratePropsJavaInterface.js
*/

package com.facebook.react.viewmanagers;

import android.view.View;
import com.facebook.react.bridge.ReadableArray;
import com.facebook.react.uimanager.ViewManagerWithGeneratedInterface;

public interface CommandNativeComponentManagerInterface<T extends View> extends ViewManagerWithGeneratedInterface {
  // No props
  void flashScrollIndicators(T view);
  void allTypes(T view, int x, float y, double z, String message, boolean animated, ReadableArray locations);
}
",
}
`;

exports[`GeneratePropsJavaInterface can generate fixture COMMANDS_AND_PROPS 1`] = `
Map {
  "java/com/facebook/react/viewmanagers/CommandNativeComponentManagerInterface.java" => "/**
* This code was generated by [react-native-codegen](https://www.npmjs.com/package/react-native-codegen).
*
* Do not edit this file as changes may cause incorrect behavior and will be lost
* once the code is regenerated.
*
* @generated by codegen project: GeneratePropsJavaInterface.js
*/

package com.facebook.react.viewmanagers;

import android.view.View;
import androidx.annotation.Nullable;
import com.facebook.react.bridge.ReadableArray;
import com.facebook.react.uimanager.ViewManagerWithGeneratedInterface;

public interface CommandNativeComponentManagerInterface<T extends View> extends ViewManagerWithGeneratedInterface {
  void setAccessibilityHint(T view, @Nullable String value);
  void handleRootTag(T view, double rootTag);
  void hotspotUpdate(T view, int x, int y);
  void addItems(T view, ReadableArray items);
}
",
}
`;

exports[`GeneratePropsJavaInterface can generate fixture DIMENSION_PROP 1`] = `
Map {
  "java/com/facebook/react/viewmanagers/DimensionPropNativeComponentManagerInterface.java" => "/**
* This code was generated by [react-native-codegen](https://www.npmjs.com/package/react-native-codegen).
*
* Do not edit this file as changes may cause incorrect behavior and will be lost
* once the code is regenerated.
*
* @generated by codegen project: GeneratePropsJavaInterface.js
*/

package com.facebook.react.viewmanagers;

import android.view.View;
import androidx.annotation.Nullable;
import com.facebook.react.uimanager.ViewManagerWithGeneratedInterface;
import com.facebook.yoga.YogaValue;

public interface DimensionPropNativeComponentManagerInterface<T extends View> extends ViewManagerWithGeneratedInterface {
  void setMarginBack(T view, @Nullable YogaValue value);
}
",
}
`;

exports[`GeneratePropsJavaInterface can generate fixture DOUBLE_PROPS 1`] = `
Map {
  "java/com/facebook/react/viewmanagers/DoublePropNativeComponentManagerInterface.java" => "/**
* This code was generated by [react-native-codegen](https://www.npmjs.com/package/react-native-codegen).
*
* Do not edit this file as changes may cause incorrect behavior and will be lost
* once the code is regenerated.
*
* @generated by codegen project: GeneratePropsJavaInterface.js
*/

package com.facebook.react.viewmanagers;

import android.view.View;
import com.facebook.react.uimanager.ViewManagerWithGeneratedInterface;

public interface DoublePropNativeComponentManagerInterface<T extends View> extends ViewManagerWithGeneratedInterface {
  void setBlurRadius(T view, double value);
  void setBlurRadius2(T view, double value);
  void setBlurRadius3(T view, double value);
  void setBlurRadius4(T view, double value);
  void setBlurRadius5(T view, double value);
  void setBlurRadius6(T view, double value);
}
",
}
`;

exports[`GeneratePropsJavaInterface can generate fixture EVENT_NESTED_OBJECT_PROPS 1`] = `
Map {
  "java/com/facebook/react/viewmanagers/EventsNestedObjectNativeComponentManagerInterface.java" => "/**
* This code was generated by [react-native-codegen](https://www.npmjs.com/package/react-native-codegen).
*
* Do not edit this file as changes may cause incorrect behavior and will be lost
* once the code is regenerated.
*
* @generated by codegen project: GeneratePropsJavaInterface.js
*/

package com.facebook.react.viewmanagers;

import android.view.View;
import com.facebook.react.uimanager.ViewManagerWithGeneratedInterface;

public interface EventsNestedObjectNativeComponentManagerInterface<T extends View> extends ViewManagerWithGeneratedInterface {
  void setDisabled(T view, boolean value);
}
",
}
`;

exports[`GeneratePropsJavaInterface can generate fixture EVENT_PROPS 1`] = `
Map {
  "java/com/facebook/react/viewmanagers/EventsNativeComponentManagerInterface.java" => "/**
* This code was generated by [react-native-codegen](https://www.npmjs.com/package/react-native-codegen).
*
* Do not edit this file as changes may cause incorrect behavior and will be lost
* once the code is regenerated.
*
* @generated by codegen project: GeneratePropsJavaInterface.js
*/

package com.facebook.react.viewmanagers;

import android.view.View;
import com.facebook.react.uimanager.ViewManagerWithGeneratedInterface;

public interface EventsNativeComponentManagerInterface<T extends View> extends ViewManagerWithGeneratedInterface {
  void setDisabled(T view, boolean value);
}
",
}
`;

exports[`GeneratePropsJavaInterface can generate fixture EVENTS_WITH_PAPER_NAME 1`] = `
Map {
  "java/com/facebook/react/viewmanagers/InterfaceOnlyComponentManagerInterface.java" => "/**
* This code was generated by [react-native-codegen](https://www.npmjs.com/package/react-native-codegen).
*
* Do not edit this file as changes may cause incorrect behavior and will be lost
* once the code is regenerated.
*
* @generated by codegen project: GeneratePropsJavaInterface.js
*/

package com.facebook.react.viewmanagers;

import android.view.View;
import com.facebook.react.uimanager.ViewManagerWithGeneratedInterface;

public interface InterfaceOnlyComponentManagerInterface<T extends View> extends ViewManagerWithGeneratedInterface {
  // No props
}
",
}
`;

exports[`GeneratePropsJavaInterface can generate fixture EXCLUDE_ANDROID 1`] = `Map {}`;

exports[`GeneratePropsJavaInterface can generate fixture EXCLUDE_ANDROID_IOS 1`] = `Map {}`;

exports[`GeneratePropsJavaInterface can generate fixture EXCLUDE_IOS_TWO_COMPONENTS_DIFFERENT_FILES 1`] = `
Map {
  "java/com/facebook/react/viewmanagers/ExcludedIosComponentManagerInterface.java" => "/**
* This code was generated by [react-native-codegen](https://www.npmjs.com/package/react-native-codegen).
*
* Do not edit this file as changes may cause incorrect behavior and will be lost
* once the code is regenerated.
*
* @generated by codegen project: GeneratePropsJavaInterface.js
*/

package com.facebook.react.viewmanagers;

import android.view.View;
import com.facebook.react.uimanager.ViewManagerWithGeneratedInterface;

public interface ExcludedIosComponentManagerInterface<T extends View> extends ViewManagerWithGeneratedInterface {
  // No props
}
",
  "java/com/facebook/react/viewmanagers/MultiFileIncludedNativeComponentManagerInterface.java" => "/**
* This code was generated by [react-native-codegen](https://www.npmjs.com/package/react-native-codegen).
*
* Do not edit this file as changes may cause incorrect behavior and will be lost
* once the code is regenerated.
*
* @generated by codegen project: GeneratePropsJavaInterface.js
*/

package com.facebook.react.viewmanagers;

import android.view.View;
import com.facebook.react.uimanager.ViewManagerWithGeneratedInterface;

public interface MultiFileIncludedNativeComponentManagerInterface<T extends View> extends ViewManagerWithGeneratedInterface {
  void setDisabled(T view, boolean value);
}
",
}
`;

exports[`GeneratePropsJavaInterface can generate fixture FLOAT_PROPS 1`] = `
Map {
  "java/com/facebook/react/viewmanagers/FloatPropNativeComponentManagerInterface.java" => "/**
* This code was generated by [react-native-codegen](https://www.npmjs.com/package/react-native-codegen).
*
* Do not edit this file as changes may cause incorrect behavior and will be lost
* once the code is regenerated.
*
* @generated by codegen project: GeneratePropsJavaInterface.js
*/

package com.facebook.react.viewmanagers;

import android.view.View;
import com.facebook.react.uimanager.ViewManagerWithGeneratedInterface;

public interface FloatPropNativeComponentManagerInterface<T extends View> extends ViewManagerWithGeneratedInterface {
  void setBlurRadius(T view, float value);
  void setBlurRadius2(T view, float value);
  void setBlurRadius3(T view, float value);
  void setBlurRadius4(T view, float value);
  void setBlurRadius5(T view, float value);
  void setBlurRadius6(T view, float value);
}
",
}
`;

exports[`GeneratePropsJavaInterface can generate fixture IMAGE_PROP 1`] = `
Map {
  "java/com/facebook/react/viewmanagers/ImagePropNativeComponentManagerInterface.java" => "/**
* This code was generated by [react-native-codegen](https://www.npmjs.com/package/react-native-codegen).
*
* Do not edit this file as changes may cause incorrect behavior and will be lost
* once the code is regenerated.
*
* @generated by codegen project: GeneratePropsJavaInterface.js
*/

package com.facebook.react.viewmanagers;

import android.view.View;
import androidx.annotation.Nullable;
import com.facebook.react.bridge.ReadableMap;
import com.facebook.react.uimanager.ViewManagerWithGeneratedInterface;

public interface ImagePropNativeComponentManagerInterface<T extends View> extends ViewManagerWithGeneratedInterface {
  void setThumbImage(T view, @Nullable ReadableMap value);
}
",
}
`;

exports[`GeneratePropsJavaInterface can generate fixture INSETS_PROP 1`] = `
Map {
  "java/com/facebook/react/viewmanagers/InsetsPropNativeComponentManagerInterface.java" => "/**
* This code was generated by [react-native-codegen](https://www.npmjs.com/package/react-native-codegen).
*
* Do not edit this file as changes may cause incorrect behavior and will be lost
* once the code is regenerated.
*
* @generated by codegen project: GeneratePropsJavaInterface.js
*/

package com.facebook.react.viewmanagers;

import android.view.View;
import androidx.annotation.Nullable;
import com.facebook.react.bridge.ReadableMap;
import com.facebook.react.uimanager.ViewManagerWithGeneratedInterface;

public interface InsetsPropNativeComponentManagerInterface<T extends View> extends ViewManagerWithGeneratedInterface {
  void setContentInset(T view, @Nullable ReadableMap value);
}
",
}
`;

exports[`GeneratePropsJavaInterface can generate fixture INT32_ENUM_PROP 1`] = `
Map {
  "java/com/facebook/react/viewmanagers/Int32EnumPropsNativeComponentManagerInterface.java" => "/**
* This code was generated by [react-native-codegen](https://www.npmjs.com/package/react-native-codegen).
*
* Do not edit this file as changes may cause incorrect behavior and will be lost
* once the code is regenerated.
*
* @generated by codegen project: GeneratePropsJavaInterface.js
*/

package com.facebook.react.viewmanagers;

import android.view.View;
import androidx.annotation.Nullable;
import com.facebook.react.uimanager.ViewManagerWithGeneratedInterface;

public interface Int32EnumPropsNativeComponentManagerInterface<T extends View> extends ViewManagerWithGeneratedInterface {
  void setMaxInterval(T view, @Nullable Integer value);
}
",
}
`;

exports[`GeneratePropsJavaInterface can generate fixture INTEGER_PROPS 1`] = `
Map {
  "java/com/facebook/react/viewmanagers/IntegerPropNativeComponentManagerInterface.java" => "/**
* This code was generated by [react-native-codegen](https://www.npmjs.com/package/react-native-codegen).
*
* Do not edit this file as changes may cause incorrect behavior and will be lost
* once the code is regenerated.
*
* @generated by codegen project: GeneratePropsJavaInterface.js
*/

package com.facebook.react.viewmanagers;

import android.view.View;
import com.facebook.react.uimanager.ViewManagerWithGeneratedInterface;

public interface IntegerPropNativeComponentManagerInterface<T extends View> extends ViewManagerWithGeneratedInterface {
  void setProgress1(T view, int value);
  void setProgress2(T view, int value);
  void setProgress3(T view, int value);
}
",
}
`;

exports[`GeneratePropsJavaInterface can generate fixture INTERFACE_ONLY 1`] = `
Map {
  "java/com/facebook/react/viewmanagers/InterfaceOnlyComponentManagerInterface.java" => "/**
* This code was generated by [react-native-codegen](https://www.npmjs.com/package/react-native-codegen).
*
* Do not edit this file as changes may cause incorrect behavior and will be lost
* once the code is regenerated.
*
* @generated by codegen project: GeneratePropsJavaInterface.js
*/

package com.facebook.react.viewmanagers;

import android.view.View;
import androidx.annotation.Nullable;
import com.facebook.react.uimanager.ViewManagerWithGeneratedInterface;

public interface InterfaceOnlyComponentManagerInterface<T extends View> extends ViewManagerWithGeneratedInterface {
  void setAccessibilityHint(T view, @Nullable String value);
}
",
}
`;

exports[`GeneratePropsJavaInterface can generate fixture MIXED_PROP 1`] = `
Map {
  "java/com/facebook/react/viewmanagers/MixedPropNativeComponentManagerInterface.java" => "/**
* This code was generated by [react-native-codegen](https://www.npmjs.com/package/react-native-codegen).
*
* Do not edit this file as changes may cause incorrect behavior and will be lost
* once the code is regenerated.
*
* @generated by codegen project: GeneratePropsJavaInterface.js
*/

package com.facebook.react.viewmanagers;

import android.view.View;
import com.facebook.react.bridge.Dynamic;
import com.facebook.react.uimanager.ViewManagerWithGeneratedInterface;

public interface MixedPropNativeComponentManagerInterface<T extends View> extends ViewManagerWithGeneratedInterface {
  void setMixedProp(T view, Dynamic value);
}
",
}
`;

exports[`GeneratePropsJavaInterface can generate fixture MULTI_NATIVE_PROP 1`] = `
Map {
  "java/com/facebook/react/viewmanagers/ImageColorPropNativeComponentManagerInterface.java" => "/**
* This code was generated by [react-native-codegen](https://www.npmjs.com/package/react-native-codegen).
*
* Do not edit this file as changes may cause incorrect behavior and will be lost
* once the code is regenerated.
*
* @generated by codegen project: GeneratePropsJavaInterface.js
*/

package com.facebook.react.viewmanagers;

import android.view.View;
import androidx.annotation.Nullable;
import com.facebook.react.bridge.ReadableMap;
import com.facebook.react.uimanager.ViewManagerWithGeneratedInterface;

public interface ImageColorPropNativeComponentManagerInterface<T extends View> extends ViewManagerWithGeneratedInterface {
  void setThumbImage(T view, @Nullable ReadableMap value);
  void setColor(T view, @Nullable Integer value);
  void setThumbTintColor(T view, @Nullable Integer value);
  void setPoint(T view, @Nullable ReadableMap value);
}
",
}
`;

exports[`GeneratePropsJavaInterface can generate fixture NO_PROPS_NO_EVENTS 1`] = `
Map {
  "java/com/facebook/react/viewmanagers/NoPropsNoEventsComponentManagerInterface.java" => "/**
* This code was generated by [react-native-codegen](https://www.npmjs.com/package/react-native-codegen).
*
* Do not edit this file as changes may cause incorrect behavior and will be lost
* once the code is regenerated.
*
* @generated by codegen project: GeneratePropsJavaInterface.js
*/

package com.facebook.react.viewmanagers;

import android.view.View;
import com.facebook.react.uimanager.ViewManagerWithGeneratedInterface;

public interface NoPropsNoEventsComponentManagerInterface<T extends View> extends ViewManagerWithGeneratedInterface {
  // No props
}
",
}
`;

exports[`GeneratePropsJavaInterface can generate fixture OBJECT_PROPS 1`] = `
Map {
  "java/com/facebook/react/viewmanagers/ObjectPropsManagerInterface.java" => "/**
* This code was generated by [react-native-codegen](https://www.npmjs.com/package/react-native-codegen).
*
* Do not edit this file as changes may cause incorrect behavior and will be lost
* once the code is regenerated.
*
* @generated by codegen project: GeneratePropsJavaInterface.js
*/

package com.facebook.react.viewmanagers;

import android.view.View;
import androidx.annotation.Nullable;
import com.facebook.react.bridge.ReadableMap;
import com.facebook.react.uimanager.ViewManagerWithGeneratedInterface;

public interface ObjectPropsManagerInterface<T extends View> extends ViewManagerWithGeneratedInterface {
  void setObjectProp(T view, @Nullable ReadableMap value);
}
",
}
`;

exports[`GeneratePropsJavaInterface can generate fixture POINT_PROP 1`] = `
Map {
  "java/com/facebook/react/viewmanagers/PointPropNativeComponentManagerInterface.java" => "/**
* This code was generated by [react-native-codegen](https://www.npmjs.com/package/react-native-codegen).
*
* Do not edit this file as changes may cause incorrect behavior and will be lost
* once the code is regenerated.
*
* @generated by codegen project: GeneratePropsJavaInterface.js
*/

package com.facebook.react.viewmanagers;

import android.view.View;
import androidx.annotation.Nullable;
import com.facebook.react.bridge.ReadableMap;
import com.facebook.react.uimanager.ViewManagerWithGeneratedInterface;

public interface PointPropNativeComponentManagerInterface<T extends View> extends ViewManagerWithGeneratedInterface {
  void setStartPoint(T view, @Nullable ReadableMap value);
}
",
}
`;

exports[`GeneratePropsJavaInterface can generate fixture STRING_ENUM_PROP 1`] = `
Map {
  "java/com/facebook/react/viewmanagers/StringEnumPropsNativeComponentManagerInterface.java" => "/**
* This code was generated by [react-native-codegen](https://www.npmjs.com/package/react-native-codegen).
*
* Do not edit this file as changes may cause incorrect behavior and will be lost
* once the code is regenerated.
*
* @generated by codegen project: GeneratePropsJavaInterface.js
*/

package com.facebook.react.viewmanagers;

import android.view.View;
import androidx.annotation.Nullable;
import com.facebook.react.uimanager.ViewManagerWithGeneratedInterface;

public interface StringEnumPropsNativeComponentManagerInterface<T extends View> extends ViewManagerWithGeneratedInterface {
  void setAlignment(T view, @Nullable String value);
}
",
}
`;

exports[`GeneratePropsJavaInterface can generate fixture STRING_PROP 1`] = `
Map {
  "java/com/facebook/react/viewmanagers/StringPropComponentManagerInterface.java" => "/**
* This code was generated by [react-native-codegen](https://www.npmjs.com/package/react-native-codegen).
*
* Do not edit this file as changes may cause incorrect behavior and will be lost
* once the code is regenerated.
*
* @generated by codegen project: GeneratePropsJavaInterface.js
*/

package com.facebook.react.viewmanagers;

import android.view.View;
import androidx.annotation.Nullable;
import com.facebook.react.uimanager.ViewManagerWithGeneratedInterface;

public interface StringPropComponentManagerInterface<T extends View> extends ViewManagerWithGeneratedInterface {
  void setAccessibilityHint(T view, @Nullable String value);
  void setAccessibilityRole(T view, @Nullable String value);
}
",
}
`;

exports[`GeneratePropsJavaInterface can generate fixture TWO_COMPONENTS_DIFFERENT_FILES 1`] = `
Map {
  "java/com/facebook/react/viewmanagers/MultiFile1NativeComponentManagerInterface.java" => "/**
* This code was generated by [react-native-codegen](https://www.npmjs.com/package/react-native-codegen).
*
* Do not edit this file as changes may cause incorrect behavior and will be lost
* once the code is regenerated.
*
* @generated by codegen project: GeneratePropsJavaInterface.js
*/

package com.facebook.react.viewmanagers;

import android.view.View;
import com.facebook.react.uimanager.ViewManagerWithGeneratedInterface;

public interface MultiFile1NativeComponentManagerInterface<T extends View> extends ViewManagerWithGeneratedInterface {
  void setDisabled(T view, boolean value);
}
",
  "java/com/facebook/react/viewmanagers/MultiFile2NativeComponentManagerInterface.java" => "/**
* This code was generated by [react-native-codegen](https://www.npmjs.com/package/react-native-codegen).
*
* Do not edit this file as changes may cause incorrect behavior and will be lost
* once the code is regenerated.
*
* @generated by codegen project: GeneratePropsJavaInterface.js
*/

package com.facebook.react.viewmanagers;

import android.view.View;
import com.facebook.react.uimanager.ViewManagerWithGeneratedInterface;

public interface MultiFile2NativeComponentManagerInterface<T extends View> extends ViewManagerWithGeneratedInterface {
  void setDisabled(T view, boolean value);
}
",
}
`;

exports[`GeneratePropsJavaInterface can generate fixture TWO_COMPONENTS_SAME_FILE 1`] = `
Map {
  "java/com/facebook/react/viewmanagers/MultiComponent1NativeComponentManagerInterface.java" => "/**
* This code was generated by [react-native-codegen](https://www.npmjs.com/package/react-native-codegen).
*
* Do not edit this file as changes may cause incorrect behavior and will be lost
* once the code is regenerated.
*
* @generated by codegen project: GeneratePropsJavaInterface.js
*/

package com.facebook.react.viewmanagers;

import android.view.View;
import com.facebook.react.uimanager.ViewManagerWithGeneratedInterface;

public interface MultiComponent1NativeComponentManagerInterface<T extends View> extends ViewManagerWithGeneratedInterface {
  void setDisabled(T view, boolean value);
}
",
  "java/com/facebook/react/viewmanagers/MultiComponent2NativeComponentManagerInterface.java" => "/**
* This code was generated by [react-native-codegen](https://www.npmjs.com/package/react-native-codegen).
*
* Do not edit this file as changes may cause incorrect behavior and will be lost
* once the code is regenerated.
*
* @generated by codegen project: GeneratePropsJavaInterface.js
*/

package com.facebook.react.viewmanagers;

import android.view.View;
import com.facebook.react.uimanager.ViewManagerWithGeneratedInterface;

public interface MultiComponent2NativeComponentManagerInterface<T extends View> extends ViewManagerWithGeneratedInterface {
  void setDisabled(T view, boolean value);
}
",
}
`;
