// Jest Snapshot v1, https://goo.gl/fbAQLP

exports[`Image should render as <Image> when mocked 1`] = `
<Image
  source={
    Object {
      "uri": "foo-bar.jpg",
    }
  }
/>
`;

exports[`Image should render as <RCTImageView> when not mocked 1`] = `
<RCTImageView
  accessibilityState={
    Object {
      "busy": undefined,
      "checked": undefined,
      "disabled": undefined,
      "expanded": undefined,
      "selected": undefined,
    }
  }
  internal_analyticTag={null}
  resizeMode="cover"
  source={
    Array [
      Object {
        "uri": "foo-bar.jpg",
      },
    ]
  }
  style={
    Array [
      Object {
        "height": undefined,
        "width": undefined,
      },
      Object {
        "overflow": "hidden",
      },
      undefined,
    ]
  }
/>
`;
