// Jest Snapshot v1, https://goo.gl/fbAQLP

exports[`<SafeAreaView /> should render as expected: should deep render when mocked (please verify output manually) 1`] = `
<RCTSafeAreaView>
  <View>
    <Text>
      Hello World!
    </Text>
  </View>
</RCTSafeAreaView>
`;

exports[`<SafeAreaView /> should render as expected: should deep render when not mocked (please verify output manually) 1`] = `
<RCTSafeAreaView>
  <View>
    <Text>
      Hello World!
    </Text>
  </View>
</RCTSafeAreaView>
`;
